#0 building with "desktop-linux" instance using docker driver

#1 [internal] load build definition from Dockerfile
#1 transferring dockerfile: 1.31kB done
#1 DONE 0.0s

#2 [internal] load metadata for docker.io/library/node:22.14.0-bookworm-slim
#2 DONE 0.0s

#3 [internal] load .dockerignore
#3 transferring context: 275B done
#3 DONE 0.0s

#4 [internal] load build context
#4 DONE 0.0s

#5 [build  1/11] FROM docker.io/library/node:22.14.0-bookworm-slim@sha256:1c18d9ab3af4585870b92e4dbc5cac5a0dc77dd13df1a5905cea89fc720eb05b
#5 resolve docker.io/library/node:22.14.0-bookworm-slim@sha256:1c18d9ab3af4585870b92e4dbc5cac5a0dc77dd13df1a5905cea89fc720eb05b 0.0s done
#5 DONE 0.0s

#6 [runtime 2/7] WORKDIR /app/apps/backend/.medusa/server
#6 CACHED

#7 [build  2/11] WORKDIR /app
#7 CACHED

#8 [runtime 3/7] RUN corepack enable && useradd --create-home --uid 10001 medusa
#8 CACHED

#4 [internal] load build context
#4 transferring context: 4.42kB 0.1s done
#4 DONE 0.1s

#9 [build  3/11] RUN corepack enable
#9 DONE 0.4s

#10 [build  4/11] RUN pnpm config set registry "https://registry.npmmirror.com"
#10 3.326 /usr/local/lib/node_modules/corepack/dist/lib/corepack.cjs:21616
#10 3.326     throw new Error(
#10 3.326           ^
#10 3.326 
#10 3.326 Error: Error when performing the request to https://registry.npmjs.org/pnpm/latest; for troubleshooting help, see https://github.com/nodejs/corepack#troubleshooting
#10 3.326     at fetch (/usr/local/lib/node_modules/corepack/dist/lib/corepack.cjs:21616:11)
#10 3.326     at process.processTicksAndRejections (node:internal/process/task_queues:105:5)
#10 3.326     at async fetchAsJson (/usr/local/lib/node_modules/corepack/dist/lib/corepack.cjs:21630:20)
#10 3.326     ... 4 lines matching cause stack trace ...
#10 3.326     at async Object.runMain (/usr/local/lib/node_modules/corepack/dist/lib/corepack.cjs:23110:7) {
#10 3.326   [cause]: TypeError: fetch failed
#10 3.326       at node:internal/deps/undici/undici:13502:13
#10 3.326       at process.processTicksAndRejections (node:internal/process/task_queues:105:5)
#10 3.326       at async fetch (/usr/local/lib/node_modules/corepack/dist/lib/corepack.cjs:21610:16)
#10 3.326       at async fetchAsJson (/usr/local/lib/node_modules/corepack/dist/lib/corepack.cjs:21630:20)
#10 3.326       at async fetchLatestStableVersion (/usr/local/lib/node_modules/corepack/dist/lib/corepack.cjs:21557:20)
#10 3.326       at async fetchLatestStableVersion2 (/usr/local/lib/node_modules/corepack/dist/lib/corepack.cjs:21679:14)
#10 3.326       at async Engine.getDefaultVersion (/usr/local/lib/node_modules/corepack/dist/lib/corepack.cjs:22305:23)
#10 3.326       at async Engine.executePackageManagerRequest (/usr/local/lib/node_modules/corepack/dist/lib/corepack.cjs:22403:47)
#10 3.326       at async Object.runMain (/usr/local/lib/node_modules/corepack/dist/lib/corepack.cjs:23110:7) {
#10 3.326     [cause]: Error: Client network socket disconnected before secure TLS connection was established
#10 3.326         at TLSSocket.onConnectEnd (node:_tls_wrap:1732:19)
#10 3.326         at TLSSocket.emit (node:events:530:35)
#10 3.326         at endReadableNT (node:internal/streams/readable:1698:12)
#10 3.326         at process.processTicksAndRejections (node:internal/process/task_queues:90:21) {
#10 3.326       code: 'ECONNRESET',
#10 3.326       path: undefined,
#10 3.326       host: 'registry.npmjs.org',
#10 3.326       port: 443,
#10 3.326       localAddress: null
#10 3.326     }
#10 3.326   }
#10 3.326 }
#10 3.326 
#10 3.326 Node.js v22.14.0
#10 ERROR: process "/bin/sh -c pnpm config set registry \"${NPM_REGISTRY}\"" did not complete successfully: exit code: 1
------
 > [build  4/11] RUN pnpm config set registry "https://registry.npmmirror.com":
3.326       code: 'ECONNRESET',
3.326       path: undefined,
3.326       host: 'registry.npmjs.org',
3.326       port: 443,
3.326       localAddress: null
3.326     }
3.326   }
3.326 }
3.326 
3.326 Node.js v22.14.0
------
Dockerfile:6
--------------------
   4 |     ARG NPM_REGISTRY=https://registry.npmjs.org/
   5 |     RUN corepack enable
   6 | >>> RUN pnpm config set registry "${NPM_REGISTRY}"
   7 |     COPY package.json pnpm-lock.yaml pnpm-workspace.yaml ./
   8 |     COPY apps/backend/package.json apps/backend/package.json
--------------------
ERROR: failed to build: failed to solve: process "/bin/sh -c pnpm config set registry \"${NPM_REGISTRY}\"" did not complete successfully: exit code: 1

View build details: docker-desktop://dashboard/build/desktop-linux/desktop-linux/whhzq9akc3qldb7diavvzr3za
