#0 building with "desktop-linux" instance using docker driver

#1 [internal] load build definition from Dockerfile
#1 transferring dockerfile: 1.31kB 0.0s done
#1 DONE 0.0s

#2 [internal] load metadata for docker.io/library/node:22.14.0-bookworm-slim
#2 DONE 0.0s

#3 [internal] load .dockerignore
#3 transferring context: 275B done
#3 DONE 0.0s

#4 [internal] load build context
#4 DONE 0.0s

#5 [build  1/11] FROM docker.io/library/node:22.14.0-bookworm-slim@sha256:1c18d9ab3af4585870b92e4dbc5cac5a0dc77dd13df1a5905cea89fc720eb05b
#5 resolve docker.io/library/node:22.14.0-bookworm-slim@sha256:1c18d9ab3af4585870b92e4dbc5cac5a0dc77dd13df1a5905cea89fc720eb05b 0.0s done
#5 DONE 0.0s

#6 [runtime 2/7] WORKDIR /app/apps/backend/.medusa/server
#6 CACHED

#7 [build  2/11] WORKDIR /app
#7 CACHED

#8 [runtime 3/7] RUN corepack enable && useradd --create-home --uid 10001 medusa
#8 CACHED

#4 [internal] load build context
#4 transferring context: 4.42kB 0.0s done
#4 DONE 0.1s

#9 [build  3/11] COPY package.json pnpm-lock.yaml pnpm-workspace.yaml ./
#9 DONE 0.1s

#10 [build  4/11] RUN corepack enable
#10 DONE 0.4s

#11 [build  5/11] RUN pnpm config set registry "https://registry.npmmirror.com"
#11 3.189 /usr/local/lib/node_modules/corepack/dist/lib/corepack.cjs:21616
#11 3.189     throw new Error(
#11 3.189           ^
#11 3.189 
#11 3.189 Error: Error when performing the request to https://registry.npmjs.org/pnpm/latest; for troubleshooting help, see https://github.com/nodejs/corepack#troubleshooting
#11 3.189     at fetch (/usr/local/lib/node_modules/corepack/dist/lib/corepack.cjs:21616:11)
#11 3.189     at process.processTicksAndRejections (node:internal/process/task_queues:105:5)
#11 3.189     at async fetchAsJson (/usr/local/lib/node_modules/corepack/dist/lib/corepack.cjs:21630:20)
#11 3.189     ... 4 lines matching cause stack trace ...
#11 3.189     at async Object.runMain (/usr/local/lib/node_modules/corepack/dist/lib/corepack.cjs:23110:7) {
#11 3.189   [cause]: TypeError: fetch failed
#11 3.189       at node:internal/deps/undici/undici:13502:13
#11 3.189       at process.processTicksAndRejections (node:internal/process/task_queues:105:5)
#11 3.189       at async fetch (/usr/local/lib/node_modules/corepack/dist/lib/corepack.cjs:21610:16)
#11 3.189       at async fetchAsJson (/usr/local/lib/node_modules/corepack/dist/lib/corepack.cjs:21630:20)
#11 3.189       at async fetchLatestStableVersion (/usr/local/lib/node_modules/corepack/dist/lib/corepack.cjs:21557:20)
#11 3.189       at async fetchLatestStableVersion2 (/usr/local/lib/node_modules/corepack/dist/lib/corepack.cjs:21679:14)
#11 3.189       at async Engine.getDefaultVersion (/usr/local/lib/node_modules/corepack/dist/lib/corepack.cjs:22305:23)
#11 3.189       at async Engine.executePackageManagerRequest (/usr/local/lib/node_modules/corepack/dist/lib/corepack.cjs:22403:47)
#11 3.189       at async Object.runMain (/usr/local/lib/node_modules/corepack/dist/lib/corepack.cjs:23110:7) {
#11 3.189     [cause]: Error: Client network socket disconnected before secure TLS connection was established
#11 3.189         at TLSSocket.onConnectEnd (node:_tls_wrap:1732:19)
#11 3.189         at TLSSocket.emit (node:events:530:35)
#11 3.189         at endReadableNT (node:internal/streams/readable:1698:12)
#11 3.189         at process.processTicksAndRejections (node:internal/process/task_queues:90:21) {
#11 3.189       code: 'ECONNRESET',
#11 3.189       path: undefined,
#11 3.189       host: 'registry.npmjs.org',
#11 3.189       port: 443,
#11 3.189       localAddress: null
#11 3.189     }
#11 3.189   }
#11 3.189 }
#11 3.189 
#11 3.189 Node.js v22.14.0
#11 ERROR: process "/bin/sh -c pnpm config set registry \"${NPM_REGISTRY}\"" did not complete successfully: exit code: 1
------
 > [build  5/11] RUN pnpm config set registry "https://registry.npmmirror.com":
3.189       code: 'ECONNRESET',
3.189       path: undefined,
3.189       host: 'registry.npmjs.org',
3.189       port: 443,
3.189       localAddress: null
3.189     }
3.189   }
3.189 }
3.189 
3.189 Node.js v22.14.0
------
Dockerfile:7
--------------------
   5 |     COPY package.json pnpm-lock.yaml pnpm-workspace.yaml ./
   6 |     RUN corepack enable
   7 | >>> RUN pnpm config set registry "${NPM_REGISTRY}"
   8 |     COPY apps/backend/package.json apps/backend/package.json
   9 |     COPY apps/storefront/package.json apps/storefront/package.json
--------------------
ERROR: failed to build: failed to solve: process "/bin/sh -c pnpm config set registry \"${NPM_REGISTRY}\"" did not complete successfully: exit code: 1

View build details: docker-desktop://dashboard/build/desktop-linux/desktop-linux/6qaky7ckwwyv0x7hr5ihui5dm
