#0 building with "desktop-linux" instance using docker driver

#1 [internal] load build definition from Dockerfile
#1 transferring dockerfile: 1.55kB 0.0s done
#1 DONE 0.1s

#2 [internal] load metadata for docker.io/library/node:22.14.0-bookworm-slim
#2 DONE 0.1s

#3 [internal] load .dockerignore
#3 transferring context: 275B done
#3 DONE 0.0s

#4 [build  1/11] FROM docker.io/library/node:22.14.0-bookworm-slim@sha256:1c18d9ab3af4585870b92e4dbc5cac5a0dc77dd13df1a5905cea89fc720eb05b
#4 resolve docker.io/library/node:22.14.0-bookworm-slim@sha256:1c18d9ab3af4585870b92e4dbc5cac5a0dc77dd13df1a5905cea89fc720eb05b 0.0s done
#4 DONE 0.0s

#5 [internal] load build context
#5 transferring context: 12.51kB 0.2s done
#5 DONE 0.2s

#6 [build  2/11] WORKDIR /app
#6 CACHED

#7 [build  3/11] COPY package.json pnpm-lock.yaml pnpm-workspace.yaml ./
#7 CACHED

#8 [build  4/11] RUN npm install --global --ignore-scripts --registry="https://registry.npmjs.org/" pnpm@10.11.1
#8 9.053 
#8 9.053 added 1 package in 7s
#8 9.053 
#8 9.053 1 package is looking for funding
#8 9.053   run `npm fund` for details
#8 9.057 npm notice
#8 9.057 npm notice New major version of npm available! 10.9.2 -> 12.0.2
#8 9.057 npm notice Changelog: https://github.com/npm/cli/releases/tag/v12.0.2
#8 9.057 npm notice To update run: npm install -g npm@12.0.2
#8 9.057 npm notice
#8 DONE 9.5s

#9 [build  5/11] RUN pnpm config set registry "https://registry.npmjs.org/"
#9 DONE 1.4s

#10 [build  6/11] COPY apps/backend/package.json apps/backend/package.json
#10 DONE 0.1s

#11 [build  7/11] COPY apps/storefront/package.json apps/storefront/package.json
#11 DONE 0.1s

#12 [build  8/11] RUN pnpm install --frozen-lockfile
#12 0.758 Scope: all 3 workspace projects
#12 0.941 Lockfile is up to date, resolution step is skipped
#12 1.083 Progress: resolved 1, reused 0, downloaded 0, added 0
#12 1.471 Packages: +1481
#12 1.471 ++++++++++++++++++++++++++++++++++++++++++++++++++++++++++++++++++++++++++++++++
#12 2.096 Progress: resolved 1481, reused 0, downloaded 0, added 0
#12 3.097 Progress: resolved 1481, reused 0, downloaded 27, added 0
#12 4.097 Progress: resolved 1481, reused 0, downloaded 51, added 0
#12 5.107 
#12 5.107    ╭─────────────────────────────────────────╮
#12 5.107    │                                         │
#12 5.107    │   Update available! 10.11.1 → 12.3.4.   │
#12 5.107    │   Changelog: https://pnpm.io/v/12.3.4   │
#12 5.107    │    To update, run: pnpm add -g pnpm     │
#12 5.107    │                                         │
#12 5.107    ╰─────────────────────────────────────────╯
#12 5.107 
#12 5.115 Progress: resolved 1481, reused 0, downloaded 95, added 7
#12 6.116 Progress: resolved 1481, reused 0, downloaded 107, added 112
#12 7.116 Progress: resolved 1481, reused 0, downloaded 120, added 124
#12 8.119 Progress: resolved 1481, reused 0, downloaded 132, added 136
#12 9.120 Progress: resolved 1481, reused 0, downloaded 156, added 161
#12 10.12 Progress: resolved 1481, reused 0, downloaded 169, added 174
#12 11.12 Progress: resolved 1481, reused 0, downloaded 183, added 187
#12 12.12 Progress: resolved 1481, reused 0, downloaded 203, added 210
#12 13.12 Progress: resolved 1481, reused 0, downloaded 223, added 231
#12 14.12 Progress: resolved 1481, reused 0, downloaded 242, added 249
#12 15.12 Progress: resolved 1481, reused 0, downloaded 250, added 258
#12 16.12 Progress: resolved 1481, reused 0, downloaded 269, added 276
#12 17.12 Progress: resolved 1481, reused 0, downloaded 280, added 288
#12 18.13 Progress: resolved 1481, reused 0, downloaded 284, added 292
#12 19.12 Progress: resolved 1481, reused 0, downloaded 296, added 304
#12 20.12 Progress: resolved 1481, reused 0, downloaded 311, added 319
#12 21.13 Progress: resolved 1481, reused 0, downloaded 331, added 339
#12 22.12 Progress: resolved 1481, reused 0, downloaded 362, added 369
#12 23.12 Progress: resolved 1481, reused 0, downloaded 384, added 391
#12 24.13 Progress: resolved 1481, reused 0, downloaded 396, added 404
#12 25.13 Progress: resolved 1481, reused 0, downloaded 414, added 422
#12 26.13 Progress: resolved 1481, reused 0, downloaded 436, added 443
#12 27.13 Progress: resolved 1481, reused 0, downloaded 458, added 466
#12 28.13 Progress: resolved 1481, reused 0, downloaded 501, added 509
#12 29.13 Progress: resolved 1481, reused 0, downloaded 517, added 525
#12 30.13 Progress: resolved 1481, reused 0, downloaded 539, added 547
#12 31.13 Progress: resolved 1481, reused 0, downloaded 557, added 565
#12 32.13 Progress: resolved 1481, reused 0, downloaded 567, added 575
#12 33.13 Progress: resolved 1481, reused 0, downloaded 575, added 583
#12 34.13 Progress: resolved 1481, reused 0, downloaded 584, added 592
#12 35.13 Progress: resolved 1481, reused 0, downloaded 589, added 597
#12 36.13 Progress: resolved 1481, reused 0, downloaded 604, added 612
#12 37.13 Progress: resolved 1481, reused 0, downloaded 616, added 624
#12 38.13 Progress: resolved 1481, reused 0, downloaded 620, added 628
#12 39.14 Progress: resolved 1481, reused 0, downloaded 626, added 635
#12 40.14 Progress: resolved 1481, reused 0, downloaded 634, added 644
#12 41.14 Progress: resolved 1481, reused 0, downloaded 638, added 648
#12 42.14 Progress: resolved 1481, reused 0, downloaded 642, added 654
#12 43.14 Progress: resolved 1481, reused 0, downloaded 644, added 656
#12 44.14 Progress: resolved 1481, reused 0, downloaded 647, added 659
#12 45.14 Progress: resolved 1481, reused 0, downloaded 668, added 679
#12 46.14 Progress: resolved 1481, reused 0, downloaded 682, added 693
#12 47.14 Progress: resolved 1481, reused 0, downloaded 700, added 714
#12 48.14 Progress: resolved 1481, reused 0, downloaded 717, added 731
#12 49.14 Progress: resolved 1481, reused 0, downloaded 726, added 740
#12 50.14 Progress: resolved 1481, reused 0, downloaded 730, added 745
#12 51.14 Progress: resolved 1481, reused 0, downloaded 737, added 751
#12 52.14 Progress: resolved 1481, reused 0, downloaded 754, added 769
#12 53.14 Progress: resolved 1481, reused 0, downloaded 763, added 777
#12 54.14 Progress: resolved 1481, reused 0, downloaded 782, added 798
#12 55.14 Progress: resolved 1481, reused 0, downloaded 792, added 808
#12 56.14 Progress: resolved 1481, reused 0, downloaded 798, added 814
#12 57.14 Progress: resolved 1481, reused 0, downloaded 805, added 821
#12 58.14 Progress: resolved 1481, reused 0, downloaded 810, added 826
#12 59.15 Progress: resolved 1481, reused 0, downloaded 816, added 832
#12 60.68 Progress: resolved 1481, reused 0, downloaded 817, added 832
#12 61.68 Progress: resolved 1481, reused 0, downloaded 820, added 837
#12 62.68 Progress: resolved 1481, reused 0, downloaded 830, added 847
#12 63.68 Progress: resolved 1481, reused 0, downloaded 840, added 856
#12 64.68 Progress: resolved 1481, reused 0, downloaded 848, added 865
#12 65.68 Progress: resolved 1481, reused 0, downloaded 859, added 876
#12 66.68 Progress: resolved 1481, reused 0, downloaded 880, added 897
#12 67.68 Progress: resolved 1481, reused 0, downloaded 889, added 906
#12 68.68 Progress: resolved 1481, reused 0, downloaded 896, added 913
#12 69.69 Progress: resolved 1481, reused 0, downloaded 907, added 924
#12 70.69 Progress: resolved 1481, reused 0, downloaded 919, added 936
#12 71.69 Progress: resolved 1481, reused 0, downloaded 936, added 952
#12 72.69 Progress: resolved 1481, reused 0, downloaded 943, added 960
#12 73.69 Progress: resolved 1481, reused 0, downloaded 954, added 971
#12 74.69 Progress: resolved 1481, reused 0, downloaded 957, added 974
#12 75.69 Progress: resolved 1481, reused 0, downloaded 968, added 985
#12 76.69 Progress: resolved 1481, reused 0, downloaded 983, added 1000
#12 77.69 Progress: resolved 1481, reused 0, downloaded 1000, added 1017
#12 78.69 Progress: resolved 1481, reused 0, downloaded 1019, added 1036
#12 79.69 Progress: resolved 1481, reused 0, downloaded 1037, added 1054
#12 80.69 Progress: resolved 1481, reused 0, downloaded 1058, added 1075
#12 81.69 Progress: resolved 1481, reused 0, downloaded 1080, added 1097
#12 82.69 Progress: resolved 1481, reused 0, downloaded 1110, added 1127
#12 83.69 Progress: resolved 1481, reused 0, downloaded 1138, added 1155
#12 84.69 Progress: resolved 1481, reused 0, downloaded 1147, added 1162
#12 85.69 Progress: resolved 1481, reused 0, downloaded 1156, added 1174
#12 86.69 Progress: resolved 1481, reused 0, downloaded 1171, added 1189
#12 87.69 Progress: resolved 1481, reused 0, downloaded 1172, added 1190
#12 88.69 Progress: resolved 1481, reused 0, downloaded 1178, added 1196
#12 89.69 Progress: resolved 1481, reused 0, downloaded 1182, added 1199
#12 90.69 Progress: resolved 1481, reused 0, downloaded 1186, added 1204
#12 91.69 Progress: resolved 1481, reused 0, downloaded 1189, added 1207
#12 92.69 Progress: resolved 1481, reused 0, downloaded 1192, added 1209
#12 93.69 Progress: resolved 1481, reused 0, downloaded 1196, added 1214
#12 94.69 Progress: resolved 1481, reused 0, downloaded 1197, added 1215
#12 95.69 Progress: resolved 1481, reused 0, downloaded 1202, added 1220
#12 96.69 Progress: resolved 1481, reused 0, downloaded 1210, added 1228
#12 97.69 Progress: resolved 1481, reused 0, downloaded 1220, added 1238
#12 98.69 Progress: resolved 1481, reused 0, downloaded 1228, added 1246
#12 99.69 Progress: resolved 1481, reused 0, downloaded 1235, added 1253
#12 100.7 Progress: resolved 1481, reused 0, downloaded 1244, added 1262
#12 101.7 Progress: resolved 1481, reused 0, downloaded 1254, added 1272
#12 102.7 Progress: resolved 1481, reused 0, downloaded 1269, added 1287
#12 103.7 Progress: resolved 1481, reused 0, downloaded 1285, added 1303
#12 104.7 Progress: resolved 1481, reused 0, downloaded 1300, added 1318
#12 105.7 Progress: resolved 1481, reused 0, downloaded 1312, added 1330
#12 106.7 Progress: resolved 1481, reused 0, downloaded 1328, added 1346
#12 107.7 Progress: resolved 1481, reused 0, downloaded 1339, added 1357
#12 108.7 Progress: resolved 1481, reused 0, downloaded 1345, added 1363
#12 109.7 Progress: resolved 1481, reused 0, downloaded 1348, added 1366
#12 110.7 Progress: resolved 1481, reused 0, downloaded 1352, added 1370
#12 111.7 Progress: resolved 1481, reused 0, downloaded 1354, added 1372
#12 112.7 Progress: resolved 1481, reused 0, downloaded 1356, added 1374
#12 113.7 Progress: resolved 1481, reused 0, downloaded 1363, added 1381
#12 114.7 Progress: resolved 1481, reused 0, downloaded 1371, added 1388
#12 115.7 Progress: resolved 1481, reused 0, downloaded 1374, added 1392
#12 116.7 Progress: resolved 1481, reused 0, downloaded 1379, added 1397
#12 117.7 Progress: resolved 1481, reused 0, downloaded 1395, added 1413
#12 118.7 Progress: resolved 1481, reused 0, downloaded 1400, added 1418
#12 119.7 Progress: resolved 1481, reused 0, downloaded 1407, added 1425
#12 120.7 Progress: resolved 1481, reused 0, downloaded 1420, added 1439
#12 121.7 Progress: resolved 1481, reused 0, downloaded 1434, added 1453
#12 122.7 Progress: resolved 1481, reused 0, downloaded 1447, added 1466
#12 123.7 Progress: resolved 1481, reused 0, downloaded 1452, added 1471
#12 124.8 Progress: resolved 1481, reused 0, downloaded 1453, added 1471
#12 125.8 Progress: resolved 1481, reused 0, downloaded 1453, added 1472
#12 140.8 Progress: resolved 1481, reused 0, downloaded 1454, added 1472
#12 141.8 Progress: resolved 1481, reused 0, downloaded 1454, added 1473
#12 172.7 Progress: resolved 1481, reused 0, downloaded 1455, added 1473
#12 173.7 Progress: resolved 1481, reused 0, downloaded 1455, added 1474
#12 174.7 Progress: resolved 1481, reused 0, downloaded 1456, added 1475
#12 190.9 Progress: resolved 1481, reused 0, downloaded 1457, added 1475
#12 191.9 Progress: resolved 1481, reused 0, downloaded 1457, added 1476
#12 196.7 Progress: resolved 1481, reused 0, downloaded 1458, added 1476
#12 197.7 Progress: resolved 1481, reused 0, downloaded 1458, added 1477
#12 200.4 Progress: resolved 1481, reused 0, downloaded 1459, added 1477
#12 201.4 Progress: resolved 1481, reused 0, downloaded 1459, added 1478
#12 273.5 Progress: resolved 1481, reused 0, downloaded 1460, added 1478
#12 276.2 Progress: resolved 1481, reused 0, downloaded 1460, added 1479
#12 298.0 Progress: resolved 1481, reused 0, downloaded 1461, added 1479
#12 299.0 Progress: resolved 1481, reused 0, downloaded 1461, added 1480
#12 300.1 Progress: resolved 1481, reused 0, downloaded 1462, added 1480
#12 300.2 Progress: resolved 1481, reused 0, downloaded 1462, added 1481, done
#12 302.2 
#12 302.2 devDependencies:
#12 302.2 + @medusajs/eslint-plugin 2.19.0
#12 302.2 + eslint 9.39.5
#12 302.2 + jiti 2.7.0
#12 302.2 + prettier 3.9.6
#12 302.2 + turbo 2.10.12
#12 302.2 
#12 302.2 ╭ Warning ─────────────────────────────────────────────────────────────────────╮
#12 302.2 │                                                                              │
#12 302.2 │   Ignored build scripts: @medusajs/telemetry, @swc/core, esbuild,            │
#12 302.2 │   msgpackr-extract, protobufjs, unrs-resolver.                               │
#12 302.2 │   Run "pnpm approve-builds" to pick which dependencies should be allowed     │
#12 302.2 │   to run scripts.                                                            │
#12 302.2 │                                                                              │
#12 302.2 ╰──────────────────────────────────────────────────────────────────────────────╯
#12 302.2 
#12 303.1 Done in 5m 2.7s using pnpm v10.11.1
#12 DONE 303.8s

#13 [build  9/11] COPY apps/backend apps/backend
#13 DONE 7.2s

#14 [build 10/11] RUN pnpm --dir apps/backend build
#14 4.597 
#14 4.597 > @dtc/backend@0.0.1 build /app/apps/backend
#14 4.597 > medusa build
#14 4.597 
#14 6.319 ╔════════════════════════════════════════════════════════════════════════╗
#14 6.319 ║                                                                        ║
#14 6.319 ║   Medusa collects anonymous usage analytics                            ║
#14 6.319 ║   to help improve Medusa for all users.                                ║
#14 6.319 ║                                                                        ║
#14 6.319 ║   If you'd like to opt-out, you can use `medusa telemetry --disable`   ║
#14 6.319 ║                                                                        ║
#14 6.319 ║                                                                        ║
#14 6.319 ╚════════════════════════════════════════════════════════════════════════╝
#14 10.49 info:    redisUrl not found. A fake redis instance will be used.
#14 10.60 info:    Generating types...
#14 10.60 info:    No link to load from /app/node_modules/.pnpm/@medusajs+draft-order@2.19.0_@medusajs+admin-sdk@2.19.0_@medusajs+cli@2.19.0_@types+nod_ab547186112aa2cacb92323532778ff2/node_modules/@medusajs/draft-order/.medusa/server/src/links. skipped.
#14 12.02 info:    Types generated successfully
#14 12.35 info:    Linting project...
#14 13.71 info:    Starting build...
#14 14.79 info:    Compiling backend source...
#14 14.79 info:    Removing existing ".medusa/server" folder
#14 24.98 info:    Compiling frontend source...
#14 24.98 info:    Backend build completed successfully (10.19s)
#14 56.94 info:    Frontend build completed successfully (31.97s)
#14 DONE 57.4s

#15 [build 11/11] RUN pnpm prune --prod
#15 1.885 ? The modules directories will be removed and reinstalled from scratch. Proceed? (Y/n) ‣ true[4D
#15 DONE 2.0s

#16 [runtime  2/10] WORKDIR /app/apps/backend/.medusa/server
#16 CACHED

#17 [runtime  3/10] RUN corepack enable && useradd --create-home --uid 10001 medusa
#17 CACHED

#18 [runtime  4/10] COPY --from=build --chown=medusa:medusa /app/node_modules /app/node_modules
#18 DONE 82.4s

#19 [runtime  5/10] COPY --from=build --chown=medusa:medusa /app/apps/backend/node_modules /app/apps/backend/node_modules
#19 DONE 2.2s

#20 [runtime  6/10] COPY --from=build --chown=medusa:medusa /app/apps/backend/.medusa/server /app/apps/backend/.medusa/server
#20 DONE 0.7s

#21 [runtime  7/10] COPY deploy/medusa/entrypoint.sh /app/entrypoint.sh
#21 DONE 0.1s

#22 [runtime  8/10] RUN sed -i 's/\r$//' /app/entrypoint.sh
#22 DONE 1.8s

#23 [runtime  9/10] RUN chmod 0555 /app/entrypoint.sh
#23 DONE 0.5s

#24 [runtime 10/10] RUN chown -R medusa:medusa /app/apps/backend/.medusa/server       && test -f /app/apps/backend/.medusa/server/medusa-config.js       && test -f /app/apps/backend/.medusa/server/package.json       && test -f /app/apps/backend/node_modules/@medusajs/cli/cli.js
#24 DONE 1.5s

#25 exporting to image
#25 exporting layers
#25 exporting layers 87.1s done
#25 exporting manifest sha256:b841d492c24bc0449a78f04650942ff447d54c80fc82403b7be55f6d169bb45a 0.0s done
#25 exporting config sha256:c4d6fd556bfb679aeb2b7e15aab22fb34a5c6f2d51605fc76e70c1c306a27ef3 0.0s done
#25 exporting attestation manifest sha256:8ffd8c760613b6119068201f9de7a52768042203a442f72ae2492ad5b366a5cb 0.0s done
#25 exporting manifest list sha256:247b98ed59b4828164d7a6246c5b00d3317ae96c29728b6d0e2a97d7d231a269
#25 exporting manifest list sha256:247b98ed59b4828164d7a6246c5b00d3317ae96c29728b6d0e2a97d7d231a269 0.0s done
#25 naming to docker.io/library/cb-batch06-r1-medusa:20260908-durable-fix done
#25 unpacking to docker.io/library/cb-batch06-r1-medusa:20260908-durable-fix
#25 unpacking to docker.io/library/cb-batch06-r1-medusa:20260908-durable-fix 68.2s done
#25 DONE 155.4s

View build details: docker-desktop://dashboard/build/desktop-linux/desktop-linux/ib3czzve31ngjszbgo6asuluh
