#0 building with "desktop-linux" instance using docker driver

#1 [internal] load build definition from Dockerfile
#1 transferring dockerfile: 1.42kB done
#1 DONE 0.0s

#2 [internal] load metadata for docker.io/library/node:22.14.0-bookworm-slim
#2 DONE 0.1s

#3 [internal] load .dockerignore
#3 transferring context: 275B done
#3 DONE 0.0s

#4 [build  1/11] FROM docker.io/library/node:22.14.0-bookworm-slim@sha256:1c18d9ab3af4585870b92e4dbc5cac5a0dc77dd13df1a5905cea89fc720eb05b
#4 resolve docker.io/library/node:22.14.0-bookworm-slim@sha256:1c18d9ab3af4585870b92e4dbc5cac5a0dc77dd13df1a5905cea89fc720eb05b 0.0s done
#4 DONE 0.0s

#5 [internal] load build context
#5 transferring context: 8.52kB 0.1s done
#5 DONE 0.1s

#6 [build  6/11] COPY apps/backend/package.json apps/backend/package.json
#6 CACHED

#7 [build  7/11] COPY apps/storefront/package.json apps/storefront/package.json
#7 CACHED

#8 [build  4/11] RUN npm install --global --ignore-scripts --registry="https://registry.npmmirror.com" pnpm@10.11.1
#8 CACHED

#9 [build  2/11] WORKDIR /app
#9 CACHED

#10 [build  3/11] COPY package.json pnpm-lock.yaml pnpm-workspace.yaml ./
#10 CACHED

#11 [build  5/11] RUN pnpm config set registry "https://registry.npmmirror.com"
#11 CACHED

#12 [build  8/11] RUN pnpm install --frozen-lockfile
#12 CACHED

#13 [build  9/11] COPY apps/backend apps/backend
#13 DONE 0.1s

#14 [build 10/11] RUN pnpm --dir apps/backend build
#14 0.810 
#14 0.810 > @dtc/backend@0.0.1 build /app/apps/backend
#14 0.810 > medusa build
#14 0.810 
#14 1.621 ╔════════════════════════════════════════════════════════════════════════╗
#14 1.621 ║                                                                        ║
#14 1.621 ║   Medusa collects anonymous usage analytics                            ║
#14 1.621 ║   to help improve Medusa for all users.                                ║
#14 1.621 ║                                                                        ║
#14 1.621 ║   If you'd like to opt-out, you can use `medusa telemetry --disable`   ║
#14 1.621 ║                                                                        ║
#14 1.621 ║                                                                        ║
#14 1.621 ╚════════════════════════════════════════════════════════════════════════╝
#14 4.188 info:    redisUrl not found. A fake redis instance will be used.
#14 4.237 info:    Generating types...
#14 4.241 info:    No link to load from /app/node_modules/.pnpm/@medusajs+draft-order@2.19.0_@medusajs+admin-sdk@2.19.0_@medusajs+cli@2.19.0_@types+nod_ab547186112aa2cacb92323532778ff2/node_modules/@medusajs/draft-order/.medusa/server/src/links. skipped.
#14 5.335 info:    Types generated successfully
#14 5.609 info:    Linting project...
#14 6.831 info:    Starting build...
#14 7.270 info:    Compiling backend source...
#14 7.270 info:    Removing existing ".medusa/server" folder
#14 13.83 info:    Compiling frontend source...
#14 13.83 info:    Backend build completed successfully (6.57s)
#14 39.85 info:    Frontend build completed successfully (32.56s)
#14 DONE 40.2s

#15 [build 11/11] RUN pnpm prune --prod
#15 0.871 ? The modules directories will be removed and reinstalled from scratch. Proceed? (Y/n) ‣ true[4D
#15 DONE 0.9s

#16 [runtime 3/8] RUN corepack enable && useradd --create-home --uid 10001 medusa
#16 CACHED

#17 [runtime 4/8] COPY --from=build --chown=medusa:medusa /app/node_modules /app/node_modules
#17 CACHED

#18 [runtime 2/8] WORKDIR /app/apps/backend/.medusa/server
#18 CACHED

#19 [runtime 5/8] COPY --from=build --chown=medusa:medusa /app/apps/backend/node_modules /app/apps/backend/node_modules
#19 CACHED

#20 [runtime 6/8] COPY --from=build --chown=medusa:medusa /app/apps/backend/.medusa/server /app/apps/backend/.medusa/server
#20 DONE 0.3s

#21 [runtime 7/8] COPY deploy/medusa/entrypoint.sh /app/entrypoint.sh
#21 DONE 0.0s

#22 [runtime 8/8] RUN chmod 0555 /app/entrypoint.sh   && test -f /app/apps/backend/.medusa/server/medusa-config.js   && test -f /app/apps/backend/.medusa/server/package.json   && test -f /app/apps/backend/node_modules/@medusajs/cli/cli.js
#22 DONE 0.3s

#23 exporting to image
#23 exporting layers
#23 exporting layers 0.4s done
#23 exporting manifest sha256:15f8f0b42f98cb028772316a07989d5256ef01cf130a4f21d839945b43aaded6 0.0s done
#23 exporting config sha256:66a387da9fdf9e0fb3f4c482a197939e701f5993f916db76359a3f2eed409b9b 0.0s done
#23 exporting attestation manifest sha256:17e4104c4deef37b911c7b19101623c03154d42758077522d61b6560a32d383a 0.0s done
#23 exporting manifest list sha256:fdad6ea65ee7ca9c6d535156ead20ea2fcac7bdd43f33e81e58ba380bc2846b8 0.0s done
#23 naming to docker.io/library/cb-batch06-r1-medusa:20260908 done
#23 unpacking to docker.io/library/cb-batch06-r1-medusa:20260908
#23 unpacking to docker.io/library/cb-batch06-r1-medusa:20260908 0.2s done
#23 DONE 0.8s

View build details: docker-desktop://dashboard/build/desktop-linux/desktop-linux/31zj5wg3jspwils2ma6ekp1nm
