#0 building with "desktop-linux" instance using docker driver

#1 [internal] load build definition from Dockerfile
#1 transferring dockerfile: 1.42kB 0.0s done
#1 DONE 0.0s

#2 [internal] load metadata for docker.io/library/node:22.14.0-bookworm-slim
#2 DONE 0.0s

#3 [internal] load .dockerignore
#3 transferring context: 275B done
#3 DONE 0.0s

#4 [internal] load build context
#4 DONE 0.0s

#5 [build  1/11] FROM docker.io/library/node:22.14.0-bookworm-slim@sha256:1c18d9ab3af4585870b92e4dbc5cac5a0dc77dd13df1a5905cea89fc720eb05b
#5 resolve docker.io/library/node:22.14.0-bookworm-slim@sha256:1c18d9ab3af4585870b92e4dbc5cac5a0dc77dd13df1a5905cea89fc720eb05b 0.0s done
#5 DONE 0.0s

#4 [internal] load build context
#4 transferring context: 5.15kB 0.1s done
#4 DONE 0.1s

#6 [runtime 3/8] RUN corepack enable && useradd --create-home --uid 10001 medusa
#6 CACHED

#7 [runtime 5/8] COPY --from=build --chown=medusa:medusa /app/apps/backend/node_modules /app/apps/backend/node_modules
#7 CACHED

#8 [build  8/11] RUN pnpm install --frozen-lockfile
#8 CACHED

#9 [build  3/11] COPY package.json pnpm-lock.yaml pnpm-workspace.yaml ./
#9 CACHED

#10 [build 11/11] RUN pnpm prune --prod
#10 CACHED

#11 [build  4/11] RUN npm install --global --ignore-scripts --registry="https://registry.npmmirror.com" pnpm@10.11.1
#11 CACHED

#12 [runtime 4/8] COPY --from=build --chown=medusa:medusa /app/node_modules /app/node_modules
#12 CACHED

#13 [build  7/11] COPY apps/storefront/package.json apps/storefront/package.json
#13 CACHED

#14 [build  6/11] COPY apps/backend/package.json apps/backend/package.json
#14 CACHED

#15 [build  2/11] WORKDIR /app
#15 CACHED

#16 [build 10/11] RUN pnpm --dir apps/backend build
#16 CACHED

#17 [runtime 2/8] WORKDIR /app/apps/backend/.medusa/server
#17 CACHED

#18 [build  9/11] COPY apps/backend apps/backend
#18 CACHED

#19 [build  5/11] RUN pnpm config set registry "https://registry.npmmirror.com"
#19 CACHED

#20 [runtime 6/8] COPY --from=build --chown=medusa:medusa /app/apps/backend/.medusa/server /app/apps/backend/.medusa/server
#20 CACHED

#21 [runtime 7/8] COPY deploy/medusa/entrypoint.sh /app/entrypoint.sh
#21 DONE 0.0s

#22 [runtime 8/8] RUN chmod 0555 /app/entrypoint.sh   && test -f /app/apps/backend/.medusa/server/medusa-config.js   && test -f /app/apps/backend/.medusa/server/package.json   && test -f /app/apps/backend/node_modules/@medusajs/cli/cli.js
#22 DONE 0.3s

#23 exporting to image
#23 exporting layers
#23 exporting layers 57.5s done
#23 exporting manifest sha256:fcd32345f1417a991ae48f099ee66dbcbb65f2a1c4f1f62a4906eca8fe50d802 0.0s done
#23 exporting config sha256:8364141a3189ee06cb13d43692d02514006f7f8a4692e8019cabaf7160c0e09d 0.0s done
#23 exporting attestation manifest sha256:a11dc2a519c14e5c068d6d24d54a08e7cf78b20cbe74acad2a3809df748181a7 0.0s done
#23 exporting manifest list sha256:059578e14826a51bf0d5e00e0e54d5087919df5e6c0023469937c3156b040f2b 0.0s done
#23 naming to docker.io/library/cb-batch06-r1-medusa:20260908 done
#23 unpacking to docker.io/library/cb-batch06-r1-medusa:20260908
#23 unpacking to docker.io/library/cb-batch06-r1-medusa:20260908 47.1s done
#23 DONE 104.7s

View build details: docker-desktop://dashboard/build/desktop-linux/desktop-linux/rqrd0c0pl95zavrxndujju083
