#0 building with "desktop-linux" instance using docker driver

#1 [internal] load build definition from Dockerfile
#1 transferring dockerfile: 1.21kB 0.0s done
#1 DONE 0.0s

#2 [internal] load metadata for docker.io/library/node:22.14.0-bookworm-slim
#2 DONE 0.1s

#3 [internal] load .dockerignore
#3 transferring context: 275B done
#3 DONE 0.0s

#4 [build  2/10] WORKDIR /app
#4 CACHED

#5 [build  1/10] FROM docker.io/library/node:22.14.0-bookworm-slim@sha256:1c18d9ab3af4585870b92e4dbc5cac5a0dc77dd13df1a5905cea89fc720eb05b
#5 resolve docker.io/library/node:22.14.0-bookworm-slim@sha256:1c18d9ab3af4585870b92e4dbc5cac5a0dc77dd13df1a5905cea89fc720eb05b 0.0s done
#5 CACHED

#6 [runtime 2/7] WORKDIR /app/apps/backend/.medusa/server
#6 DONE 0.0s

#7 [internal] load build context
#7 transferring context: 5.14kB 0.3s done
#7 DONE 0.3s

#8 [runtime 3/7] RUN corepack enable && useradd --create-home --uid 10001 medusa
#8 ...

#9 [build  3/10] RUN corepack enable
#9 DONE 1.0s

#10 [build  4/10] COPY package.json pnpm-lock.yaml pnpm-workspace.yaml ./
#10 DONE 0.1s

#8 [runtime 3/7] RUN corepack enable && useradd --create-home --uid 10001 medusa
#8 DONE 1.1s

#11 [build  5/10] COPY apps/backend/package.json apps/backend/package.json
#11 DONE 0.1s

#12 [build  6/10] COPY apps/storefront/package.json apps/storefront/package.json
#12 DONE 0.1s

#13 [build  7/10] RUN pnpm install --frozen-lockfile
#13 1.061 ! Corepack is about to download https://registry.npmjs.org/pnpm/-/pnpm-10.11.1.tgz
#13 5.656 Scope: all 3 workspace projects
#13 5.815 Lockfile is up to date, resolution step is skipped
#13 5.987 Progress: resolved 1, reused 0, downloaded 0, added 0
#13 6.370 Packages: +1481
#13 6.370 ++++++++++++++++++++++++++++++++++++++++++++++++++++++++++++++++++++++++++++++++
#13 6.990 Progress: resolved 1481, reused 0, downloaded 0, added 0
#13 7.991 Progress: resolved 1481, reused 0, downloaded 6, added 0
#13 8.990 Progress: resolved 1481, reused 0, downloaded 62, added 64
#13 9.991 Progress: resolved 1481, reused 0, downloaded 97, added 100
#13 10.99 Progress: resolved 1481, reused 0, downloaded 106, added 110
#13 11.99 Progress: resolved 1481, reused 0, downloaded 119, added 123
#13 12.99 Progress: resolved 1481, reused 0, downloaded 129, added 133
#13 13.99 Progress: resolved 1481, reused 0, downloaded 145, added 149
#13 14.99 Progress: resolved 1481, reused 0, downloaded 164, added 168
#13 15.99 Progress: resolved 1481, reused 0, downloaded 177, added 182
#13 16.99 Progress: resolved 1481, reused 0, downloaded 199, added 204
#13 17.99 Progress: resolved 1481, reused 0, downloaded 220, added 228
#13 18.99 Progress: resolved 1481, reused 0, downloaded 234, added 242
#13 19.99 Progress: resolved 1481, reused 0, downloaded 245, added 253
#13 21.00 Progress: resolved 1481, reused 0, downloaded 260, added 268
#13 22.00 Progress: resolved 1481, reused 0, downloaded 278, added 286
#13 23.00 Progress: resolved 1481, reused 0, downloaded 282, added 290
#13 24.00 Progress: resolved 1481, reused 0, downloaded 296, added 303
#13 25.00 Progress: resolved 1481, reused 0, downloaded 314, added 322
#13 26.00 Progress: resolved 1481, reused 0, downloaded 345, added 353
#13 27.00 Progress: resolved 1481, reused 0, downloaded 377, added 385
#13 28.00 Progress: resolved 1481, reused 0, downloaded 398, added 406
#13 29.00 Progress: resolved 1481, reused 0, downloaded 421, added 429
#13 30.00 Progress: resolved 1481, reused 0, downloaded 453, added 461
#13 31.00 Progress: resolved 1481, reused 0, downloaded 496, added 504
#13 32.00 Progress: resolved 1481, reused 0, downloaded 530, added 538
#13 33.00 Progress: resolved 1481, reused 0, downloaded 564, added 572
#13 34.00 Progress: resolved 1481, reused 0, downloaded 573, added 581
#13 35.00 Progress: resolved 1481, reused 0, downloaded 580, added 588
#13 36.00 Progress: resolved 1481, reused 0, downloaded 589, added 597
#13 37.00 Progress: resolved 1481, reused 0, downloaded 601, added 609
#13 38.00 Progress: resolved 1481, reused 0, downloaded 611, added 619
#13 39.00 Progress: resolved 1481, reused 0, downloaded 614, added 622
#13 40.00 Progress: resolved 1481, reused 0, downloaded 618, added 626
#13 41.00 Progress: resolved 1481, reused 0, downloaded 630, added 641
#13 42.00 Progress: resolved 1481, reused 0, downloaded 638, added 650
#13 43.00 Progress: resolved 1481, reused 0, downloaded 641, added 653
#13 44.01 Progress: resolved 1481, reused 0, downloaded 642, added 654
#13 45.01 Progress: resolved 1481, reused 0, downloaded 649, added 661
#13 46.01 Progress: resolved 1481, reused 0, downloaded 679, added 691
#13 47.01 Progress: resolved 1481, reused 0, downloaded 698, added 712
#13 48.01 Progress: resolved 1481, reused 0, downloaded 719, added 733
#13 49.01 Progress: resolved 1481, reused 0, downloaded 725, added 739
#13 50.01 Progress: resolved 1481, reused 0, downloaded 730, added 745
#13 51.01 Progress: resolved 1481, reused 0, downloaded 743, added 758
#13 52.01 Progress: resolved 1481, reused 0, downloaded 759, added 774
#13 53.01 Progress: resolved 1481, reused 0, downloaded 777, added 793
#13 54.01 Progress: resolved 1481, reused 0, downloaded 789, added 805
#13 55.01 Progress: resolved 1481, reused 0, downloaded 798, added 814
#13 56.01 Progress: resolved 1481, reused 0, downloaded 805, added 820
#13 57.01 Progress: resolved 1481, reused 0, downloaded 811, added 827
#13 58.01 Progress: resolved 1481, reused 0, downloaded 815, added 831
#13 59.01 Progress: resolved 1481, reused 0, downloaded 816, added 833
#13 60.01 Progress: resolved 1481, reused 0, downloaded 820, added 837
#13 61.01 Progress: resolved 1481, reused 0, downloaded 830, added 845
#13 62.01 Progress: resolved 1481, reused 0, downloaded 840, added 857
#13 63.01 Progress: resolved 1481, reused 0, downloaded 851, added 868
#13 64.01 Progress: resolved 1481, reused 0, downloaded 871, added 888
#13 65.01 Progress: resolved 1481, reused 0, downloaded 888, added 905
#13 66.01 Progress: resolved 1481, reused 0, downloaded 892, added 909
#13 67.01 Progress: resolved 1481, reused 0, downloaded 899, added 916
#13 68.01 Progress: resolved 1481, reused 0, downloaded 917, added 934
#13 69.01 Progress: resolved 1481, reused 0, downloaded 926, added 943
#13 70.01 Progress: resolved 1481, reused 0, downloaded 938, added 955
#13 71.01 Progress: resolved 1481, reused 0, downloaded 948, added 965
#13 72.01 Progress: resolved 1481, reused 0, downloaded 956, added 973
#13 73.01 Progress: resolved 1481, reused 0, downloaded 964, added 981
#13 74.02 Progress: resolved 1481, reused 0, downloaded 981, added 997
#13 75.01 Progress: resolved 1481, reused 0, downloaded 1005, added 1022
#13 76.01 Progress: resolved 1481, reused 0, downloaded 1030, added 1047
#13 77.02 Progress: resolved 1481, reused 0, downloaded 1061, added 1079
#13 78.02 Progress: resolved 1481, reused 0, downloaded 1100, added 1117
#13 79.02 Progress: resolved 1481, reused 0, downloaded 1138, added 1156
#13 80.02 Progress: resolved 1481, reused 0, downloaded 1148, added 1166
#13 81.02 Progress: resolved 1481, reused 0, downloaded 1163, added 1181
#13 82.02 Progress: resolved 1481, reused 0, downloaded 1173, added 1191
#13 83.02 Progress: resolved 1481, reused 0, downloaded 1176, added 1194
#13 84.02 Progress: resolved 1481, reused 0, downloaded 1179, added 1197
#13 85.02 Progress: resolved 1481, reused 0, downloaded 1183, added 1201
#13 86.02 Progress: resolved 1481, reused 0, downloaded 1184, added 1202
#13 87.02 Progress: resolved 1481, reused 0, downloaded 1186, added 1204
#13 88.02 Progress: resolved 1481, reused 0, downloaded 1189, added 1207
#13 89.02 Progress: resolved 1481, reused 0, downloaded 1194, added 1212
#13 90.02 Progress: resolved 1481, reused 0, downloaded 1195, added 1213
#13 91.02 Progress: resolved 1481, reused 0, downloaded 1196, added 1214
#13 92.02 Progress: resolved 1481, reused 0, downloaded 1201, added 1219
#13 93.02 Progress: resolved 1481, reused 0, downloaded 1212, added 1230
#13 94.02 Progress: resolved 1481, reused 0, downloaded 1224, added 1241
#13 95.02 Progress: resolved 1481, reused 0, downloaded 1230, added 1248
#13 96.02 Progress: resolved 1481, reused 0, downloaded 1238, added 1256
#13 97.02 Progress: resolved 1481, reused 0, downloaded 1245, added 1262
#13 98.02 Progress: resolved 1481, reused 0, downloaded 1260, added 1278
#13 99.02 Progress: resolved 1481, reused 0, downloaded 1272, added 1290
#13 100.0 Progress: resolved 1481, reused 0, downloaded 1286, added 1304
#13 101.0 Progress: resolved 1481, reused 0, downloaded 1307, added 1324
#13 102.0 Progress: resolved 1481, reused 0, downloaded 1326, added 1344
#13 103.0 Progress: resolved 1481, reused 0, downloaded 1333, added 1351
#13 104.0 Progress: resolved 1481, reused 0, downloaded 1339, added 1357
#13 105.0 Progress: resolved 1481, reused 0, downloaded 1341, added 1359
#13 106.0 Progress: resolved 1481, reused 0, downloaded 1344, added 1362
#13 107.0 Progress: resolved 1481, reused 0, downloaded 1347, added 1365
#13 108.0 Progress: resolved 1481, reused 0, downloaded 1349, added 1367
#13 109.5 Progress: resolved 1481, reused 0, downloaded 1350, added 1367
#13 110.5 Progress: resolved 1481, reused 0, downloaded 1354, added 1372
#13 111.5 Progress: resolved 1481, reused 0, downloaded 1360, added 1378
#13 112.5 Progress: resolved 1481, reused 0, downloaded 1367, added 1385
#13 113.5 Progress: resolved 1481, reused 0, downloaded 1373, added 1391
#13 114.5 Progress: resolved 1481, reused 0, downloaded 1384, added 1402
#13 115.5 Progress: resolved 1481, reused 0, downloaded 1394, added 1412
#13 116.5 Progress: resolved 1481, reused 0, downloaded 1398, added 1416
#13 117.5 Progress: resolved 1481, reused 0, downloaded 1402, added 1420
#13 118.5 Progress: resolved 1481, reused 0, downloaded 1409, added 1428
#13 119.5 Progress: resolved 1481, reused 0, downloaded 1416, added 1435
#13 120.5 Progress: resolved 1481, reused 0, downloaded 1419, added 1438
#13 121.5 Progress: resolved 1481, reused 0, downloaded 1423, added 1442
#13 122.5 Progress: resolved 1481, reused 0, downloaded 1430, added 1449
#13 123.5 Progress: resolved 1481, reused 0, downloaded 1437, added 1456
#13 124.5 Progress: resolved 1481, reused 0, downloaded 1439, added 1458
#13 125.5 Progress: resolved 1481, reused 0, downloaded 1446, added 1465
#13 126.5 Progress: resolved 1481, reused 0, downloaded 1449, added 1468
#13 130.6 Progress: resolved 1481, reused 0, downloaded 1450, added 1468
#13 131.6 Progress: resolved 1481, reused 0, downloaded 1451, added 1470
#13 139.4 Progress: resolved 1481, reused 0, downloaded 1452, added 1470
#13 140.4 Progress: resolved 1481, reused 0, downloaded 1452, added 1471
#13 147.0 Progress: resolved 1481, reused 0, downloaded 1453, added 1471
#13 148.0 Progress: resolved 1481, reused 0, downloaded 1453, added 1472
#13 161.4 Progress: resolved 1481, reused 0, downloaded 1454, added 1472
#13 162.4 Progress: resolved 1481, reused 0, downloaded 1455, added 1474
#13 173.9 Progress: resolved 1481, reused 0, downloaded 1456, added 1474
#13 174.9 Progress: resolved 1481, reused 0, downloaded 1456, added 1475
#13 181.3 Progress: resolved 1481, reused 0, downloaded 1457, added 1475
#13 182.3 Progress: resolved 1481, reused 0, downloaded 1457, added 1476
#13 191.3 Progress: resolved 1481, reused 0, downloaded 1458, added 1476
#13 192.3 Progress: resolved 1481, reused 0, downloaded 1458, added 1477
#13 223.4 Progress: resolved 1481, reused 0, downloaded 1459, added 1477
#13 224.4 Progress: resolved 1481, reused 0, downloaded 1459, added 1478
#13 260.3 Progress: resolved 1481, reused 0, downloaded 1460, added 1478
#13 261.3 Progress: resolved 1481, reused 0, downloaded 1460, added 1479
#13 295.6 Progress: resolved 1481, reused 0, downloaded 1461, added 1479
#13 295.7 Progress: resolved 1481, reused 0, downloaded 1462, added 1481, done
#13 297.6 
#13 297.6 devDependencies:
#13 297.6 + @medusajs/eslint-plugin 2.19.0
#13 297.6 + eslint 9.39.5
#13 297.6 + jiti 2.7.0
#13 297.6 + prettier 3.9.6
#13 297.6 + turbo 2.10.12
#13 297.6 
#13 297.6 ╭ Warning ─────────────────────────────────────────────────────────────────────╮
#13 297.6 │                                                                              │
#13 297.6 │   Ignored build scripts: @medusajs/telemetry, @swc/core, esbuild,            │
#13 297.6 │   msgpackr-extract, protobufjs, unrs-resolver.                               │
#13 297.6 │   Run "pnpm approve-builds" to pick which dependencies should be allowed     │
#13 297.6 │   to run scripts.                                                            │
#13 297.6 │                                                                              │
#13 297.6 ╰──────────────────────────────────────────────────────────────────────────────╯
#13 297.6 
#13 297.8 Done in 4m 52.7s using pnpm v10.11.1
#13 DONE 299.6s

#14 [build  8/10] COPY apps/backend apps/backend
#14 DONE 3.9s

#15 [build  9/10] RUN pnpm --dir apps/backend build
#15 1.227 
#15 1.227 > @dtc/backend@0.0.1 build /app/apps/backend
#15 1.227 > medusa build
#15 1.227 
#15 2.163 ╔════════════════════════════════════════════════════════════════════════╗
#15 2.163 ║                                                                        ║
#15 2.163 ║   Medusa collects anonymous usage analytics                            ║
#15 2.163 ║   to help improve Medusa for all users.                                ║
#15 2.163 ║                                                                        ║
#15 2.163 ║   If you'd like to opt-out, you can use `medusa telemetry --disable`   ║
#15 2.163 ║                                                                        ║
#15 2.163 ║                                                                        ║
#15 2.163 ╚════════════════════════════════════════════════════════════════════════╝
#15 6.077 info:    redisUrl not found. A fake redis instance will be used.
#15 6.138 info:    Generating types...
#15 6.144 info:    No link to load from /app/node_modules/.pnpm/@medusajs+draft-order@2.19.0_@medusajs+admin-sdk@2.19.0_@medusajs+cli@2.19.0_@types+nod_ab547186112aa2cacb92323532778ff2/node_modules/@medusajs/draft-order/.medusa/server/src/links. skipped.
#15 7.650 info:    Types generated successfully
#15 7.958 info:    Linting project...
#15 9.391 info:    Starting build...
#15 9.819 info:    Compiling backend source...
#15 9.819 info:    Removing existing ".medusa/server" folder
#15 17.51 info:    Backend build completed successfully (7.69s)
#15 17.51 info:    Compiling frontend source...
#15 44.59 info:    Frontend build completed successfully (27.08s)
#15 DONE 45.0s

#16 [build 10/10] RUN pnpm --filter @dtc/backend deploy --prod /app/medusa-deploy
#16 0.830  ERR_PNPM_DEPLOY_NONINJECTED_WORKSPACE  By default, starting from pnpm v10, we only deploy from workspaces that have "inject-workspace-packages=true" set
#16 0.830 
#16 0.830 If you want to deploy without using injected dependencies, run "pnpm deploy" with the "--legacy" flag or set "force-legacy-deploy" to true
#16 ERROR: process "/bin/sh -c pnpm --filter @dtc/backend deploy --prod /app/medusa-deploy" did not complete successfully: exit code: 1
------
 > [build 10/10] RUN pnpm --filter @dtc/backend deploy --prod /app/medusa-deploy:
0.830  ERR_PNPM_DEPLOY_NONINJECTED_WORKSPACE  By default, starting from pnpm v10, we only deploy from workspaces that have "inject-workspace-packages=true" set
0.830 
0.830 If you want to deploy without using injected dependencies, run "pnpm deploy" with the "--legacy" flag or set "force-legacy-deploy" to true
------
Dockerfile:11
--------------------
   9 |     COPY apps/backend apps/backend
  10 |     RUN pnpm --dir apps/backend build
  11 | >>> RUN pnpm --filter @dtc/backend deploy --prod /app/medusa-deploy
  12 |     
  13 |     FROM node:22.14.0-bookworm-slim AS runtime
--------------------
ERROR: failed to build: failed to solve: process "/bin/sh -c pnpm --filter @dtc/backend deploy --prod /app/medusa-deploy" did not complete successfully: exit code: 1

View build details: docker-desktop://dashboard/build/desktop-linux/desktop-linux/d2295qksok3azl4h1btx4h26n
