#0 building with "desktop-linux" instance using docker driver

#1 [internal] load build definition from Dockerfile
#1 transferring dockerfile: 923B 0.0s done
#1 DONE 0.0s

#2 [internal] load metadata for docker.io/library/node:22.14.0-bookworm-slim
#2 DONE 0.0s

#3 [internal] load .dockerignore
#3 transferring context: 275B done
#3 DONE 0.0s

#4 [build 1/9] FROM docker.io/library/node:22.14.0-bookworm-slim@sha256:1c18d9ab3af4585870b92e4dbc5cac5a0dc77dd13df1a5905cea89fc720eb05b
#4 resolve docker.io/library/node:22.14.0-bookworm-slim@sha256:1c18d9ab3af4585870b92e4dbc5cac5a0dc77dd13df1a5905cea89fc720eb05b 0.0s done
#4 DONE 0.1s

#5 [internal] load build context
#5 transferring context: 835.74kB 0.3s done
#5 DONE 0.3s

#6 [build 2/9] WORKDIR /app
#6 DONE 0.2s

#7 [build 3/9] RUN corepack enable
#7 DONE 1.0s

#8 [runtime 3/7] RUN corepack enable && useradd --create-home --uid 10001 medusa
#8 DONE 1.1s

#9 [build 4/9] COPY package.json pnpm-lock.yaml pnpm-workspace.yaml ./
#9 DONE 0.1s

#10 [build 5/9] COPY apps/backend/package.json apps/backend/package.json
#10 DONE 0.1s

#11 [build 6/9] COPY apps/storefront/package.json apps/storefront/package.json
#11 DONE 0.1s

#12 [build 7/9] RUN pnpm install --frozen-lockfile
#12 1.245 ! Corepack is about to download https://registry.npmjs.org/pnpm/-/pnpm-10.11.1.tgz
#12 6.079 Scope: all 3 workspace projects
#12 6.202 Lockfile is up to date, resolution step is skipped
#12 6.350 Progress: resolved 1, reused 0, downloaded 0, added 0
#12 6.550 Packages: +1481
#12 6.550 ++++++++++++++++++++++++++++++++++++++++++++++++++++++++++++++++++++++++++++++++
#12 7.352 Progress: resolved 1481, reused 0, downloaded 3, added 0
#12 7.940 
#12 7.940    ╭──────────────────────────────────────────────╮
#12 7.940    │                                              │
#12 7.940    │     Update available! 10.11.1 → 12.3.4.      │
#12 7.940    │     Changelog: https://pnpm.io/v/12.3.4      │
#12 7.940    │   To update, run: corepack use pnpm@12.3.4   │
#12 7.940    │                                              │
#12 7.940    ╰──────────────────────────────────────────────╯
#12 7.940 
#12 8.352 Progress: resolved 1481, reused 0, downloaded 36, added 40
#12 9.284  WARN  GET https://registry.npmjs.org/ts-api-utils/-/ts-api-utils-2.5.0.tgz error (ECONNRESET). Will retry in 10 seconds. 2 retries left.
#12 9.352 Progress: resolved 1481, reused 0, downloaded 69, added 72
#12 10.35 Progress: resolved 1481, reused 0, downloaded 100, added 103
#12 11.35 Progress: resolved 1481, reused 0, downloaded 109, added 114
#12 12.35 Progress: resolved 1481, reused 0, downloaded 128, added 133
#12 13.36 Progress: resolved 1481, reused 0, downloaded 139, added 144
#12 14.36 Progress: resolved 1481, reused 0, downloaded 163, added 168
#12 15.36 Progress: resolved 1481, reused 0, downloaded 176, added 181
#12 16.36 Progress: resolved 1481, reused 0, downloaded 198, added 205
#12 17.36 Progress: resolved 1481, reused 0, downloaded 218, added 226
#12 18.36 Progress: resolved 1481, reused 0, downloaded 234, added 242
#12 19.36 Progress: resolved 1481, reused 0, downloaded 245, added 253
#12 20.36 Progress: resolved 1481, reused 0, downloaded 261, added 268
#12 21.36 Progress: resolved 1481, reused 0, downloaded 279, added 286
#12 22.36 Progress: resolved 1481, reused 0, downloaded 283, added 291
#12 23.36 Progress: resolved 1481, reused 0, downloaded 301, added 309
#12 24.36 Progress: resolved 1481, reused 0, downloaded 318, added 326
#12 25.36 Progress: resolved 1481, reused 0, downloaded 360, added 368
#12 26.36 Progress: resolved 1481, reused 0, downloaded 387, added 395
#12 27.36 Progress: resolved 1481, reused 0, downloaded 411, added 419
#12 28.36 Progress: resolved 1481, reused 0, downloaded 433, added 441
#12 29.36 Progress: resolved 1481, reused 0, downloaded 466, added 474
#12 30.36 Progress: resolved 1481, reused 0, downloaded 505, added 513
#12 31.36 Progress: resolved 1481, reused 0, downloaded 543, added 551
#12 32.36 Progress: resolved 1481, reused 0, downloaded 568, added 576
#12 33.36 Progress: resolved 1481, reused 0, downloaded 575, added 583
#12 34.36 Progress: resolved 1481, reused 0, downloaded 581, added 589
#12 35.36 Progress: resolved 1481, reused 0, downloaded 588, added 596
#12 36.36 Progress: resolved 1481, reused 0, downloaded 598, added 606
#12 37.37 Progress: resolved 1481, reused 0, downloaded 608, added 616
#12 38.37 Progress: resolved 1481, reused 0, downloaded 614, added 622
#12 39.37 Progress: resolved 1481, reused 0, downloaded 615, added 622
#12 40.37 Progress: resolved 1481, reused 0, downloaded 618, added 628
#12 41.37 Progress: resolved 1481, reused 0, downloaded 626, added 637
#12 42.37 Progress: resolved 1481, reused 0, downloaded 636, added 648
#12 43.37 Progress: resolved 1481, reused 0, downloaded 640, added 652
#12 44.37 Progress: resolved 1481, reused 0, downloaded 642, added 654
#12 45.37 Progress: resolved 1481, reused 0, downloaded 643, added 655
#12 46.37 Progress: resolved 1481, reused 0, downloaded 661, added 673
#12 47.37 Progress: resolved 1481, reused 0, downloaded 685, added 697
#12 48.37 Progress: resolved 1481, reused 0, downloaded 701, added 715
#12 49.37 Progress: resolved 1481, reused 0, downloaded 721, added 735
#12 50.37 Progress: resolved 1481, reused 0, downloaded 726, added 740
#12 51.37 Progress: resolved 1481, reused 0, downloaded 732, added 747
#12 52.37 Progress: resolved 1481, reused 0, downloaded 747, added 762
#12 53.37 Progress: resolved 1481, reused 0, downloaded 757, added 772
#12 54.37 Progress: resolved 1481, reused 0, downloaded 763, added 778
#12 55.37 Progress: resolved 1481, reused 0, downloaded 785, added 801
#12 56.37 Progress: resolved 1481, reused 0, downloaded 794, added 810
#12 57.38 Progress: resolved 1481, reused 0, downloaded 803, added 819
#12 58.38 Progress: resolved 1481, reused 0, downloaded 810, added 826
#12 59.38 Progress: resolved 1481, reused 0, downloaded 816, added 832
#12 60.38 Progress: resolved 1481, reused 0, downloaded 817, added 833
#12 61.38 Progress: resolved 1481, reused 0, downloaded 819, added 835
#12 62.38 Progress: resolved 1481, reused 0, downloaded 825, added 842
#12 63.38 Progress: resolved 1481, reused 0, downloaded 833, added 850
#12 64.38 Progress: resolved 1481, reused 0, downloaded 850, added 867
#12 65.38 Progress: resolved 1481, reused 0, downloaded 866, added 883
#12 66.38 Progress: resolved 1481, reused 0, downloaded 883, added 900
#12 67.38 Progress: resolved 1481, reused 0, downloaded 894, added 909
#12 68.38 Progress: resolved 1481, reused 0, downloaded 905, added 922
#12 69.38 Progress: resolved 1481, reused 0, downloaded 917, added 934
#12 70.38 Progress: resolved 1481, reused 0, downloaded 928, added 945
#12 71.38 Progress: resolved 1481, reused 0, downloaded 940, added 957
#12 72.38 Progress: resolved 1481, reused 0, downloaded 953, added 970
#12 73.38 Progress: resolved 1481, reused 0, downloaded 956, added 973
#12 74.38 Progress: resolved 1481, reused 0, downloaded 961, added 978
#12 75.39 Progress: resolved 1481, reused 0, downloaded 973, added 990
#12 76.39 Progress: resolved 1481, reused 0, downloaded 996, added 1013
#12 77.39 Progress: resolved 1481, reused 0, downloaded 1018, added 1035
#12 78.39 Progress: resolved 1481, reused 0, downloaded 1040, added 1057
#12 79.39 Progress: resolved 1481, reused 0, downloaded 1059, added 1076
#12 80.39 Progress: resolved 1481, reused 0, downloaded 1086, added 1103
#12 81.39 Progress: resolved 1481, reused 0, downloaded 1115, added 1132
#12 82.39 Progress: resolved 1481, reused 0, downloaded 1143, added 1160
#12 83.39 Progress: resolved 1481, reused 0, downloaded 1157, added 1175
#12 84.39 Progress: resolved 1481, reused 0, downloaded 1171, added 1189
#12 85.39 Progress: resolved 1481, reused 0, downloaded 1175, added 1193
#12 86.39 Progress: resolved 1481, reused 0, downloaded 1179, added 1197
#12 87.39 Progress: resolved 1481, reused 0, downloaded 1184, added 1202
#12 88.39 Progress: resolved 1481, reused 0, downloaded 1186, added 1204
#12 89.39 Progress: resolved 1481, reused 0, downloaded 1191, added 1209
#12 90.39 Progress: resolved 1481, reused 0, downloaded 1194, added 1211
#12 91.39 Progress: resolved 1481, reused 0, downloaded 1195, added 1213
#12 92.40 Progress: resolved 1481, reused 0, downloaded 1197, added 1215
#12 93.40 Progress: resolved 1481, reused 0, downloaded 1204, added 1221
#12 94.40 Progress: resolved 1481, reused 0, downloaded 1217, added 1235
#12 95.40 Progress: resolved 1481, reused 0, downloaded 1232, added 1250
#12 96.40 Progress: resolved 1481, reused 0, downloaded 1240, added 1258
#12 97.40 Progress: resolved 1481, reused 0, downloaded 1250, added 1268
#12 98.40 Progress: resolved 1481, reused 0, downloaded 1265, added 1283
#12 99.40 Progress: resolved 1481, reused 0, downloaded 1282, added 1300
#12 100.4 Progress: resolved 1481, reused 0, downloaded 1306, added 1323
#12 101.4 Progress: resolved 1481, reused 0, downloaded 1330, added 1348
#12 102.4 Progress: resolved 1481, reused 0, downloaded 1340, added 1358
#12 103.4 Progress: resolved 1481, reused 0, downloaded 1347, added 1365
#12 104.4 Progress: resolved 1481, reused 0, downloaded 1350, added 1368
#12 105.4 Progress: resolved 1481, reused 0, downloaded 1351, added 1369
#12 106.4 Progress: resolved 1481, reused 0, downloaded 1354, added 1372
#12 107.4 Progress: resolved 1481, reused 0, downloaded 1358, added 1376
#12 108.4 Progress: resolved 1481, reused 0, downloaded 1368, added 1386
#12 109.4 Progress: resolved 1481, reused 0, downloaded 1372, added 1390
#12 110.4 Progress: resolved 1481, reused 0, downloaded 1379, added 1396
#12 111.4 Progress: resolved 1481, reused 0, downloaded 1386, added 1404
#12 112.4 Progress: resolved 1481, reused 0, downloaded 1390, added 1408
#12 113.4 Progress: resolved 1481, reused 0, downloaded 1394, added 1412
#12 114.4 Progress: resolved 1481, reused 0, downloaded 1396, added 1414
#12 115.4 Progress: resolved 1481, reused 0, downloaded 1398, added 1416
#12 116.4 Progress: resolved 1481, reused 0, downloaded 1401, added 1418
#12 117.4 Progress: resolved 1481, reused 0, downloaded 1410, added 1429
#12 118.4 Progress: resolved 1481, reused 0, downloaded 1419, added 1438
#12 119.4 Progress: resolved 1481, reused 0, downloaded 1431, added 1450
#12 120.4 Progress: resolved 1481, reused 0, downloaded 1444, added 1462
#12 121.4 Progress: resolved 1481, reused 0, downloaded 1449, added 1468
#12 125.8 Progress: resolved 1481, reused 0, downloaded 1450, added 1468
#12 126.8 Progress: resolved 1481, reused 0, downloaded 1450, added 1469
#12 130.3 Progress: resolved 1481, reused 0, downloaded 1451, added 1469
#12 131.3 Progress: resolved 1481, reused 0, downloaded 1452, added 1471
#12 133.3 Progress: resolved 1481, reused 0, downloaded 1453, added 1471
#12 134.3 Progress: resolved 1481, reused 0, downloaded 1453, added 1472
#12 140.7 Progress: resolved 1481, reused 0, downloaded 1454, added 1472
#12 141.7 Progress: resolved 1481, reused 0, downloaded 1454, added 1473
#12 172.0 Progress: resolved 1481, reused 0, downloaded 1455, added 1473
#12 173.0 Progress: resolved 1481, reused 0, downloaded 1456, added 1475
#12 191.1 Progress: resolved 1481, reused 0, downloaded 1457, added 1475
#12 192.1 Progress: resolved 1481, reused 0, downloaded 1457, added 1476
#12 200.2 Progress: resolved 1481, reused 0, downloaded 1458, added 1476
#12 201.2 Progress: resolved 1481, reused 0, downloaded 1459, added 1478
#12 255.8 Progress: resolved 1481, reused 0, downloaded 1460, added 1478
#12 256.8 Progress: resolved 1481, reused 0, downloaded 1460, added 1479
#12 285.1 Progress: resolved 1481, reused 0, downloaded 1461, added 1479
#12 286.1 Progress: resolved 1481, reused 0, downloaded 1461, added 1480
#12 290.7 Progress: resolved 1481, reused 0, downloaded 1462, added 1480
#12 290.7 Progress: resolved 1481, reused 0, downloaded 1462, added 1481, done
#12 292.7 
#12 292.7 devDependencies:
#12 292.7 + @medusajs/eslint-plugin 2.19.0
#12 292.7 + eslint 9.39.5
#12 292.7 + jiti 2.7.0
#12 292.7 + prettier 3.9.6
#12 292.7 + turbo 2.10.12
#12 292.7 
#12 292.7 ╭ Warning ─────────────────────────────────────────────────────────────────────╮
#12 292.7 │                                                                              │
#12 292.7 │   Ignored build scripts: @medusajs/telemetry, @swc/core, esbuild,            │
#12 292.7 │   msgpackr-extract, protobufjs, unrs-resolver.                               │
#12 292.7 │   Run "pnpm approve-builds" to pick which dependencies should be allowed     │
#12 292.7 │   to run scripts.                                                            │
#12 292.7 │                                                                              │
#12 292.7 ╰──────────────────────────────────────────────────────────────────────────────╯
#12 292.7 
#12 292.9 Done in 4m 47.3s using pnpm v10.11.1
#12 DONE 294.8s

#13 [build 8/9] COPY apps/backend apps/backend
#13 DONE 3.6s

#14 [build 9/9] RUN pnpm --dir apps/backend build
#14 1.508 
#14 1.508 > @dtc/backend@0.0.1 build /app/apps/backend
#14 1.508 > medusa build
#14 1.508 
#14 2.233 ╔════════════════════════════════════════════════════════════════════════╗
#14 2.233 ║                                                                        ║
#14 2.233 ║   Medusa collects anonymous usage analytics                            ║
#14 2.233 ║   to help improve Medusa for all users.                                ║
#14 2.233 ║                                                                        ║
#14 2.233 ║   If you'd like to opt-out, you can use `medusa telemetry --disable`   ║
#14 2.233 ║                                                                        ║
#14 2.233 ║                                                                        ║
#14 2.233 ╚════════════════════════════════════════════════════════════════════════╝
#14 4.595 info:    redisUrl not found. A fake redis instance will be used.
#14 4.622 info:    Generating types...
#14 4.627 info:    No link to load from /app/node_modules/.pnpm/@medusajs+draft-order@2.19.0_@medusajs+admin-sdk@2.19.0_@medusajs+cli@2.19.0_@types+nod_ab547186112aa2cacb92323532778ff2/node_modules/@medusajs/draft-order/.medusa/server/src/links. skipped.
#14 5.629 info:    Types generated successfully
#14 5.803 info:    Linting project...
#14 7.086 info:    Starting build...
#14 7.558 info:    Compiling backend source...
#14 7.558 info:    Removing existing ".medusa/server" folder
#14 13.82 info:    Backend build completed successfully (6.26s)
#14 13.82 info:    Compiling frontend source...
#14 36.88 info:    Frontend build completed successfully (23.06s)
#14 DONE 37.2s

#15 [runtime 4/7] COPY --from=build --chown=medusa:medusa /app/node_modules /app/node_modules
#15 DONE 32.7s

#16 [runtime 5/7] COPY --from=build --chown=medusa:medusa /app/apps/backend/.medusa/server /app/apps/backend/.medusa/server
#16 DONE 1.6s

#17 [runtime 6/7] COPY deploy/medusa/entrypoint.sh /app/entrypoint.sh
#17 DONE 0.1s

#18 [runtime 7/7] RUN chmod 0555 /app/entrypoint.sh
#18 DONE 0.3s

#19 exporting to image
#19 exporting layers
#19 exporting layers 50.1s done
#19 exporting manifest sha256:f113659daf7e9e1e1b46835167417012c7d4381dc3dace9aaa4a1fd41154e2a7 0.0s done
#19 exporting config sha256:055e0cd5dcec4d6ad93f7e0f1e248f94654d686d1ca11bea5befc3598f738aeb 0.0s done
#19 exporting attestation manifest sha256:116a2aa9a6a8b284432be5785adfb9b118d4da177359d5b9b0ec60cbffe76bcf 0.0s done
#19 exporting manifest list sha256:9119b15ce5922299807fa9f904473be75cdce3d4216da6cfbe00784964a6a2bc
#19 exporting manifest list sha256:9119b15ce5922299807fa9f904473be75cdce3d4216da6cfbe00784964a6a2bc 0.0s done
#19 naming to docker.io/library/cb-batch06-r1-medusa:20260908 done
#19 unpacking to docker.io/library/cb-batch06-r1-medusa:20260908
#19 unpacking to docker.io/library/cb-batch06-r1-medusa:20260908 59.1s done
#19 DONE 109.4s

View build details: docker-desktop://dashboard/build/desktop-linux/desktop-linux/q9rqwy32rbofgt3k1dxaot3px
