#0 building with "desktop-linux" instance using docker driver

#1 [internal] load build definition from Dockerfile
#1 transferring dockerfile: 1.55kB 0.0s done
#1 DONE 0.0s

#2 [internal] load metadata for docker.io/library/node:22.14.0-bookworm-slim
#2 DONE 0.1s

#3 [internal] load .dockerignore
#3 transferring context: 275B done
#3 DONE 0.0s

#4 [build  1/11] FROM docker.io/library/node:22.14.0-bookworm-slim@sha256:1c18d9ab3af4585870b92e4dbc5cac5a0dc77dd13df1a5905cea89fc720eb05b
#4 resolve docker.io/library/node:22.14.0-bookworm-slim@sha256:1c18d9ab3af4585870b92e4dbc5cac5a0dc77dd13df1a5905cea89fc720eb05b 0.0s done
#4 DONE 0.0s

#5 [internal] load build context
#5 transferring context: 4.42kB 0.0s done
#5 DONE 0.1s

#6 [build 10/11] RUN pnpm --dir apps/backend build
#6 CACHED

#7 [runtime  2/10] WORKDIR /app/apps/backend/.medusa/server
#7 CACHED

#8 [build  7/11] COPY apps/storefront/package.json apps/storefront/package.json
#8 CACHED

#9 [build  9/11] COPY apps/backend apps/backend
#9 CACHED

#10 [build  4/11] RUN npm install --global --ignore-scripts --registry="https://registry.npmmirror.com" pnpm@10.11.1
#10 CACHED

#11 [build  8/11] RUN pnpm install --frozen-lockfile
#11 CACHED

#12 [build  2/11] WORKDIR /app
#12 CACHED

#13 [build  5/11] RUN pnpm config set registry "https://registry.npmmirror.com"
#13 CACHED

#14 [build 11/11] RUN pnpm prune --prod
#14 CACHED

#15 [runtime  4/10] COPY --from=build --chown=medusa:medusa /app/node_modules /app/node_modules
#15 CACHED

#16 [build  3/11] COPY package.json pnpm-lock.yaml pnpm-workspace.yaml ./
#16 CACHED

#17 [runtime  3/10] RUN corepack enable && useradd --create-home --uid 10001 medusa
#17 CACHED

#18 [build  6/11] COPY apps/backend/package.json apps/backend/package.json
#18 CACHED

#19 [runtime  5/10] COPY --from=build --chown=medusa:medusa /app/apps/backend/node_modules /app/apps/backend/node_modules
#19 CACHED

#20 [runtime  6/10] COPY --from=build --chown=medusa:medusa /app/apps/backend/.medusa/server /app/apps/backend/.medusa/server
#20 CACHED

#21 [runtime  7/10] COPY deploy/medusa/entrypoint.sh /app/entrypoint.sh
#21 CACHED

#22 [runtime  8/10] RUN sed -i 's/\r$//' /app/entrypoint.sh
#22 DONE 0.4s

#23 [runtime  9/10] RUN chmod 0555 /app/entrypoint.sh
#23 DONE 0.3s

#24 [runtime 10/10] RUN chown -R medusa:medusa /app/apps/backend/.medusa/server       && test -f /app/apps/backend/.medusa/server/medusa-config.js       && test -f /app/apps/backend/.medusa/server/package.json       && test -f /app/apps/backend/node_modules/@medusajs/cli/cli.js
#24 DONE 1.2s

#25 exporting to image
#25 exporting layers
#25 exporting layers 0.2s done
#25 exporting manifest sha256:562602520b95637e36335017793a96e8a7387c391134e67849b0b56f56eea790 0.0s done
#25 exporting config sha256:77a2b6a01f838ae6a2cf933394c016b353f9878dfe022fb2c2a0daad7e1bb535 0.0s done
#25 exporting attestation manifest sha256:04cc093a53634ffeedc411052f67a54b3283ff40ff07ebb5f0ac9c5aa7b9918a 0.0s done
#25 exporting manifest list sha256:ee871b4d23d7a6dda8dd36b4c0f6d9a43e1683c4ba429810f0203c193b04a73b 0.0s done
#25 naming to docker.io/library/cb-batch06-r1-medusa:20260908 done
#25 unpacking to docker.io/library/cb-batch06-r1-medusa:20260908 0.1s done
#25 DONE 0.4s

View build details: docker-desktop://dashboard/build/desktop-linux/desktop-linux/qh7zhvp2avmpb37ny48ozntup
