#0 building with "desktop-linux" instance using docker driver

#1 [internal] load build definition from Dockerfile
#1 transferring dockerfile: 1.40kB done
#1 DONE 0.0s

#2 [internal] load metadata for docker.io/library/node:22.14.0-bookworm-slim
#2 DONE 0.1s

#3 [internal] load .dockerignore
#3 transferring context: 275B done
#3 DONE 0.0s

#4 [build  1/12] FROM docker.io/library/node:22.14.0-bookworm-slim@sha256:1c18d9ab3af4585870b92e4dbc5cac5a0dc77dd13df1a5905cea89fc720eb05b
#4 resolve docker.io/library/node:22.14.0-bookworm-slim@sha256:1c18d9ab3af4585870b92e4dbc5cac5a0dc77dd13df1a5905cea89fc720eb05b 0.0s done
#4 DONE 0.0s

#5 [runtime 2/7] WORKDIR /app/apps/backend/.medusa/server
#5 CACHED

#6 [runtime 3/7] RUN corepack enable && useradd --create-home --uid 10001 medusa
#6 CACHED

#7 [internal] load build context
#7 transferring context: 4.42kB 0.0s done
#7 DONE 0.0s

#8 [build  2/12] WORKDIR /app
#8 CACHED

#9 [build  3/12] COPY package.json pnpm-lock.yaml pnpm-workspace.yaml ./
#9 CACHED

#10 [build  4/12] RUN corepack enable
#10 DONE 0.4s

#11 [build  5/12] RUN corepack prepare pnpm@10.11.1 --activate
#11 0.416 Preparing pnpm@10.11.1 for immediate activation...
#11 4.622 Internal Error: Error when performing the request to https://registry.npmmirror.com/pnpm/-/pnpm-10.11.1.tgz; for troubleshooting help, see https://github.com/nodejs/corepack#troubleshooting
#11 4.622     at fetch (/usr/local/lib/node_modules/corepack/dist/lib/corepack.cjs:21616:11)
#11 4.622     at process.processTicksAndRejections (node:internal/process/task_queues:105:5)
#11 4.622     at async fetchUrlStream (/usr/local/lib/node_modules/corepack/dist/lib/corepack.cjs:21646:20)
#11 4.622     at async download (/usr/local/lib/node_modules/corepack/dist/lib/corepack.cjs:21769:18)
#11 4.622     at async installVersion (/usr/local/lib/node_modules/corepack/dist/lib/corepack.cjs:21861:55)
#11 4.622     at async Engine.ensurePackageManager (/usr/local/lib/node_modules/corepack/dist/lib/corepack.cjs:22323:32)
#11 4.622     at async PrepareCommand.execute (/usr/local/lib/node_modules/corepack/dist/lib/corepack.cjs:23032:27)
#11 4.622     at async PrepareCommand.validateAndExecute (/usr/local/lib/node_modules/corepack/dist/lib/corepack.cjs:19835:22)
#11 4.622     at async _Cli.run (/usr/local/lib/node_modules/corepack/dist/lib/corepack.cjs:20772:18)
#11 4.622     at async Object.runMain (/usr/local/lib/node_modules/corepack/dist/lib/corepack.cjs:23104:19)
#11 ERROR: process "/bin/sh -c corepack prepare pnpm@10.11.1 --activate" did not complete successfully: exit code: 1
------
 > [build  5/12] RUN corepack prepare pnpm@10.11.1 --activate:
4.622     at fetch (/usr/local/lib/node_modules/corepack/dist/lib/corepack.cjs:21616:11)
4.622     at process.processTicksAndRejections (node:internal/process/task_queues:105:5)
4.622     at async fetchUrlStream (/usr/local/lib/node_modules/corepack/dist/lib/corepack.cjs:21646:20)
4.622     at async download (/usr/local/lib/node_modules/corepack/dist/lib/corepack.cjs:21769:18)
4.622     at async installVersion (/usr/local/lib/node_modules/corepack/dist/lib/corepack.cjs:21861:55)
4.622     at async Engine.ensurePackageManager (/usr/local/lib/node_modules/corepack/dist/lib/corepack.cjs:22323:32)
4.622     at async PrepareCommand.execute (/usr/local/lib/node_modules/corepack/dist/lib/corepack.cjs:23032:27)
4.622     at async PrepareCommand.validateAndExecute (/usr/local/lib/node_modules/corepack/dist/lib/corepack.cjs:19835:22)
4.622     at async _Cli.run (/usr/local/lib/node_modules/corepack/dist/lib/corepack.cjs:20772:18)
4.622     at async Object.runMain (/usr/local/lib/node_modules/corepack/dist/lib/corepack.cjs:23104:19)
------
Dockerfile:8
--------------------
   6 |     ENV COREPACK_NPM_REGISTRY=${NPM_REGISTRY}
   7 |     RUN corepack enable
   8 | >>> RUN corepack prepare pnpm@10.11.1 --activate
   9 |     RUN pnpm config set registry "${NPM_REGISTRY}"
  10 |     COPY apps/backend/package.json apps/backend/package.json
--------------------
ERROR: failed to build: failed to solve: process "/bin/sh -c corepack prepare pnpm@10.11.1 --activate" did not complete successfully: exit code: 1

View build details: docker-desktop://dashboard/build/desktop-linux/desktop-linux/62vxj3pg6ufq2up4fsloa5h2v
