#0 building with "desktop-linux" instance using docker driver

#1 [internal] load build definition from Dockerfile
#1 transferring dockerfile: 1.22kB 0.0s done
#1 DONE 0.0s

#2 [internal] load metadata for docker.io/library/node:22.14.0-bookworm-slim
#2 DONE 0.1s

#3 [internal] load .dockerignore
#3 transferring context: 275B done
#3 DONE 0.0s

#4 [build  1/10] FROM docker.io/library/node:22.14.0-bookworm-slim@sha256:1c18d9ab3af4585870b92e4dbc5cac5a0dc77dd13df1a5905cea89fc720eb05b
#4 resolve docker.io/library/node:22.14.0-bookworm-slim@sha256:1c18d9ab3af4585870b92e4dbc5cac5a0dc77dd13df1a5905cea89fc720eb05b 0.0s done
#4 DONE 0.0s

#5 [internal] load build context
#5 transferring context: 4.42kB 0.1s done
#5 DONE 0.1s

#6 [runtime 2/7] WORKDIR /app/apps/backend/.medusa/server
#6 CACHED

#7 [runtime 3/7] RUN corepack enable && useradd --create-home --uid 10001 medusa
#7 CACHED

#8 [build  5/10] COPY apps/backend/package.json apps/backend/package.json
#8 CACHED

#9 [build  2/10] WORKDIR /app
#9 CACHED

#10 [build  6/10] COPY apps/storefront/package.json apps/storefront/package.json
#10 CACHED

#11 [build  8/10] COPY apps/backend apps/backend
#11 CACHED

#12 [build  4/10] COPY package.json pnpm-lock.yaml pnpm-workspace.yaml ./
#12 CACHED

#13 [build  7/10] RUN pnpm install --frozen-lockfile
#13 CACHED

#14 [build  3/10] RUN corepack enable
#14 CACHED

#15 [build  9/10] RUN pnpm --dir apps/backend build
#15 CACHED

#16 [build 10/10] RUN pnpm --filter @dtc/backend deploy --prod --legacy /app/medusa-deploy
#16 0.959  WARN  Shared workspace lockfile detected but configuration forces legacy deploy implementation.
#16 1.052 Packages are copied from the content-addressable store to the virtual store.
#16 1.052   Content-addressable store is at: /root/.local/share/pnpm/store/v10
#16 1.052   Virtual store is at:             medusa-deploy/node_modules/.pnpm
#16 2.058 Progress: resolved 1, reused 0, downloaded 0, added 0
#16 3.059 Progress: resolved 18, reused 0, downloaded 0, added 0
#16 4.060 Progress: resolved 24, reused 0, downloaded 0, added 0
#16 4.919 apps/backend                             |  WARN  deprecated eslint@9.39.4
#16 4.919 .                                        |  WARN  deprecated eslint@9.39.5
#16 5.061 Progress: resolved 32, reused 0, downloaded 0, added 0
#16 6.061 Progress: resolved 38, reused 0, downloaded 0, added 0
#16 7.062 Progress: resolved 46, reused 0, downloaded 0, added 0
#16 8.062 Progress: resolved 48, reused 0, downloaded 0, added 0
#16 9.063 Progress: resolved 57, reused 0, downloaded 0, added 0
#16 10.06 Progress: resolved 60, reused 0, downloaded 0, added 0
#16 12.84 Progress: resolved 61, reused 0, downloaded 0, added 0
#16 13.84 Progress: resolved 66, reused 0, downloaded 0, added 0
#16 14.84 Progress: resolved 67, reused 0, downloaded 0, added 0
#16 15.84 Progress: resolved 69, reused 0, downloaded 0, added 0
#16 16.84 Progress: resolved 76, reused 0, downloaded 0, added 0
#16 17.84 Progress: resolved 109, reused 0, downloaded 0, added 0
#16 18.84 Progress: resolved 125, reused 0, downloaded 0, added 0
#16 19.84 Progress: resolved 143, reused 0, downloaded 0, added 0
#16 20.84 Progress: resolved 154, reused 0, downloaded 0, added 0
#16 21.84 Progress: resolved 171, reused 0, downloaded 0, added 0
#16 22.84 Progress: resolved 192, reused 0, downloaded 0, added 0
#16 23.84 Progress: resolved 213, reused 0, downloaded 0, added 0
#16 24.84 Progress: resolved 215, reused 0, downloaded 0, added 0
#16 25.84 Progress: resolved 220, reused 0, downloaded 0, added 0
#16 27.84 Progress: resolved 221, reused 0, downloaded 0, added 0
#16 28.84 Progress: resolved 229, reused 0, downloaded 0, added 0
#16 29.84 Progress: resolved 236, reused 0, downloaded 0, added 0
#16 30.84 Progress: resolved 260, reused 0, downloaded 0, added 0
#16 31.84 Progress: resolved 284, reused 0, downloaded 0, added 0
#16 32.85 Progress: resolved 302, reused 0, downloaded 0, added 0
#16 33.85 Progress: resolved 308, reused 0, downloaded 0, added 0
#16 34.85 Progress: resolved 314, reused 0, downloaded 0, added 0
#16 35.85 Progress: resolved 316, reused 0, downloaded 0, added 0
#16 36.85 Progress: resolved 320, reused 0, downloaded 0, added 0
#16 37.85 Progress: resolved 323, reused 0, downloaded 0, added 0
#16 38.85 Progress: resolved 328, reused 0, downloaded 0, added 0
#16 39.85 Progress: resolved 329, reused 0, downloaded 0, added 0
#16 41.79 Progress: resolved 330, reused 0, downloaded 0, added 0
#16 43.03 Progress: resolved 331, reused 0, downloaded 0, added 0
#16 46.69 Progress: resolved 332, reused 0, downloaded 0, added 0
#16 47.76 Progress: resolved 333, reused 0, downloaded 0, added 0
#16 48.76 Progress: resolved 334, reused 0, downloaded 0, added 0
#16 49.76 Progress: resolved 340, reused 0, downloaded 0, added 0
#16 50.76 Progress: resolved 346, reused 0, downloaded 0, added 0
#16 51.76 Progress: resolved 349, reused 0, downloaded 0, added 0
#16 52.76 Progress: resolved 360, reused 0, downloaded 0, added 0
#16 53.76 Progress: resolved 373, reused 0, downloaded 0, added 0
#16 54.76 Progress: resolved 387, reused 0, downloaded 0, added 0
#16 55.76 Progress: resolved 404, reused 0, downloaded 0, added 0
#16 56.76 Progress: resolved 431, reused 0, downloaded 0, added 0
#16 57.76 Progress: resolved 449, reused 0, downloaded 0, added 0
#16 58.76 Progress: resolved 484, reused 0, downloaded 0, added 0
#16 59.76 Progress: resolved 504, reused 0, downloaded 0, added 0
#16 60.76 Progress: resolved 507, reused 0, downloaded 0, added 0
#16 61.76 Progress: resolved 515, reused 0, downloaded 0, added 0
#16 62.76 Progress: resolved 521, reused 0, downloaded 0, added 0
#16 63.76 Progress: resolved 523, reused 0, downloaded 0, added 0
#16 64.76 Progress: resolved 524, reused 0, downloaded 0, added 0
#16 65.76 Progress: resolved 532, reused 0, downloaded 0, added 0
#16 66.76 Progress: resolved 547, reused 0, downloaded 0, added 0
#16 67.76 Progress: resolved 559, reused 0, downloaded 0, added 0
#16 68.76 Progress: resolved 563, reused 0, downloaded 0, added 0
#16 69.76 Progress: resolved 567, reused 0, downloaded 0, added 0
#16 70.76 Progress: resolved 569, reused 0, downloaded 0, added 0
#16 71.76 Progress: resolved 573, reused 0, downloaded 0, added 0
#16 72.76 Progress: resolved 574, reused 0, downloaded 0, added 0
#16 73.77 Progress: resolved 577, reused 0, downloaded 0, added 0
#16 74.77 Progress: resolved 582, reused 0, downloaded 0, added 0
#16 75.84 Progress: resolved 583, reused 0, downloaded 0, added 0
#16 76.84 Progress: resolved 589, reused 0, downloaded 0, added 0
#16 77.84 Progress: resolved 595, reused 0, downloaded 0, added 0
#16 78.84 Progress: resolved 597, reused 0, downloaded 0, added 0
#16 79.84 Progress: resolved 603, reused 0, downloaded 0, added 0
#16 80.84 Progress: resolved 605, reused 0, downloaded 0, added 0
#16 81.84 Progress: resolved 606, reused 0, downloaded 0, added 0
#16 82.84 Progress: resolved 624, reused 0, downloaded 0, added 0
#16 83.84 Progress: resolved 642, reused 0, downloaded 0, added 0
#16 84.84 Progress: resolved 656, reused 0, downloaded 0, added 0
#16 85.84 Progress: resolved 660, reused 0, downloaded 0, added 0
#16 86.84 Progress: resolved 677, reused 0, downloaded 0, added 0
#16 87.84 Progress: resolved 699, reused 0, downloaded 0, added 0
#16 88.84 Progress: resolved 714, reused 0, downloaded 0, added 0
#16 89.84 Progress: resolved 732, reused 0, downloaded 0, added 0
#16 90.85 Progress: resolved 736, reused 0, downloaded 0, added 0
#16 91.85 Progress: resolved 751, reused 0, downloaded 0, added 0
#16 92.85 Progress: resolved 774, reused 0, downloaded 0, added 0
#16 93.85 Progress: resolved 811, reused 0, downloaded 0, added 0
#16 94.85 Progress: resolved 870, reused 0, downloaded 0, added 0
#16 95.85 Progress: resolved 895, reused 0, downloaded 0, added 0
#16 96.85  WARN  GET https://registry.npmjs.org/is-core-module error (ECONNRESET). Will retry in 10 seconds. 2 retries left.
#16 101.4 Progress: resolved 896, reused 0, downloaded 0, added 0
#16 102.4 Progress: resolved 900, reused 0, downloaded 0, added 0
#16 103.4 Progress: resolved 906, reused 0, downloaded 0, added 0
#16 104.4 Progress: resolved 915, reused 0, downloaded 0, added 0
#16 105.2  WARN  GET https://registry.npmjs.org/emoji-regex error (ECONNRESET). Will retry in 10 seconds. 2 retries left.
#16 105.4 Progress: resolved 917, reused 0, downloaded 0, added 0
#16 107.1 Progress: resolved 918, reused 0, downloaded 0, added 0
#16 108.1 Progress: resolved 928, reused 0, downloaded 0, added 0
#16 109.1 Progress: resolved 937, reused 0, downloaded 0, added 0
#16 109.7  WARN  GET https://registry.npmjs.org/string.prototype.trimend error (ECONNRESET). Will retry in 10 seconds. 2 retries left.
#16 110.1 Progress: resolved 952, reused 0, downloaded 0, added 0
#16 111.1 Progress: resolved 971, reused 0, downloaded 0, added 0
#16 112.1 Progress: resolved 986, reused 0, downloaded 0, added 0
#16 113.1 Progress: resolved 994, reused 0, downloaded 0, added 0
#16 114.1 Progress: resolved 1014, reused 0, downloaded 0, added 0
#16 115.1 Progress: resolved 1031, reused 0, downloaded 0, added 0
#16 115.2  WARN  GET https://registry.npmjs.org/@aws-sdk%2Fcredential-provider-http error (ECONNRESET). Will retry in 10 seconds. 2 retries left.
#16 116.1 Progress: resolved 1056, reused 0, downloaded 0, added 0
#16 117.1 Progress: resolved 1080, reused 0, downloaded 0, added 0
#16 118.1 Progress: resolved 1103, reused 0, downloaded 0, added 0
#16 119.1 Progress: resolved 1118, reused 0, downloaded 0, added 0
#16 120.1 Progress: resolved 1132, reused 0, downloaded 0, added 0
#16 121.1 Progress: resolved 1160, reused 0, downloaded 0, added 0
#16 122.1 Progress: resolved 1168, reused 0, downloaded 0, added 0
#16 123.1 Progress: resolved 1194, reused 0, downloaded 0, added 0
#16 124.1 Progress: resolved 1202, reused 0, downloaded 0, added 0
#16 125.1 Progress: resolved 1214, reused 0, downloaded 0, added 0
#16 126.1 Progress: resolved 1241, reused 0, downloaded 0, added 0
#16 127.2 Progress: resolved 1309, reused 0, downloaded 0, added 0
#16 127.7  WARN  GET https://registry.npmjs.org/@aws-sdk%2Fcredential-provider-http error (ECONNRESET). Will retry in 1 minute. 1 retries left.
#16 128.1 Progress: resolved 1346, reused 0, downloaded 0, added 0
#16 128.6  WARN  GET https://registry.npmjs.org/@unrs%2Fresolver-binding-linux-arm-musleabihf error (ECONNRESET). Will retry in 10 seconds. 2 retries left.
#16 129.2 Progress: resolved 1402, reused 0, downloaded 0, added 0
#16 130.2 Progress: resolved 1467, reused 0, downloaded 0, added 0
#16 131.2 Progress: resolved 1509, reused 0, downloaded 0, added 0
#16 132.2 Progress: resolved 1524, reused 0, downloaded 0, added 0
#16 133.2 Progress: resolved 1536, reused 0, downloaded 0, added 0
#16 139.4 Progress: resolved 1537, reused 0, downloaded 0, added 0
#16 140.4 Progress: resolved 1542, reused 0, downloaded 0, added 0
#16 190.7 /app/apps/backend:
#16 190.7  ERR_PNPM_META_FETCH_FAIL  GET https://registry.npmjs.org/@aws-sdk%2Fcredential-provider-http: request to https://registry.npmjs.org/@aws-sdk%2Fcredential-provider-http failed, reason: Client network socket disconnected before secure TLS connection was established
#16 190.7 
#16 190.7 This error happened while installing the dependencies of @medusajs/file-s3@2.19.0
#16 190.7  at @aws-sdk/client-s3@3.1119.0
#16 190.7  at @aws-sdk/credential-provider-node@3.972.81
#16 ERROR: process "/bin/sh -c pnpm --filter @dtc/backend deploy --prod --legacy /app/medusa-deploy" did not complete successfully: exit code: 1
------
 > [build 10/10] RUN pnpm --filter @dtc/backend deploy --prod --legacy /app/medusa-deploy:
132.2 Progress: resolved 1524, reused 0, downloaded 0, added 0
133.2 Progress: resolved 1536, reused 0, downloaded 0, added 0
139.4 Progress: resolved 1537, reused 0, downloaded 0, added 0
140.4 Progress: resolved 1542, reused 0, downloaded 0, added 0
190.7 /app/apps/backend:
190.7  ERR_PNPM_META_FETCH_FAIL  GET https://registry.npmjs.org/@aws-sdk%2Fcredential-provider-http: request to https://registry.npmjs.org/@aws-sdk%2Fcredential-provider-http failed, reason: Client network socket disconnected before secure TLS connection was established
190.7 
190.7 This error happened while installing the dependencies of @medusajs/file-s3@2.19.0
190.7  at @aws-sdk/client-s3@3.1119.0
190.7  at @aws-sdk/credential-provider-node@3.972.81
------
Dockerfile:11
--------------------
   9 |     COPY apps/backend apps/backend
  10 |     RUN pnpm --dir apps/backend build
  11 | >>> RUN pnpm --filter @dtc/backend deploy --prod --legacy /app/medusa-deploy
  12 |     
  13 |     FROM node:22.14.0-bookworm-slim AS runtime
--------------------
ERROR: failed to build: failed to solve: process "/bin/sh -c pnpm --filter @dtc/backend deploy --prod --legacy /app/medusa-deploy" did not complete successfully: exit code: 1

View build details: docker-desktop://dashboard/build/desktop-linux/desktop-linux/xdbg9ezgjqpz5x4d0xu7l9fn0
