#0 building with "desktop-linux" instance using docker driver

#1 [internal] load build definition from Dockerfile
#1 transferring dockerfile: 1.55kB done
#1 DONE 0.0s

#2 [internal] load metadata for docker.io/library/node:22.14.0-bookworm-slim
#2 DONE 0.1s

#3 [internal] load .dockerignore
#3 transferring context: 275B done
#3 DONE 0.0s

#4 [build  1/11] FROM docker.io/library/node:22.14.0-bookworm-slim@sha256:1c18d9ab3af4585870b92e4dbc5cac5a0dc77dd13df1a5905cea89fc720eb05b
#4 resolve docker.io/library/node:22.14.0-bookworm-slim@sha256:1c18d9ab3af4585870b92e4dbc5cac5a0dc77dd13df1a5905cea89fc720eb05b 0.0s done
#4 DONE 0.0s

#5 [internal] load build context
#5 transferring context: 4.42kB 0.2s done
#5 DONE 0.2s

#6 [runtime 3/8] RUN corepack enable && useradd --create-home --uid 10001 medusa
#6 CACHED

#7 [build  8/11] RUN pnpm install --frozen-lockfile
#7 CACHED

#8 [runtime 2/8] WORKDIR /app/apps/backend/.medusa/server
#8 CACHED

#9 [build  3/11] COPY package.json pnpm-lock.yaml pnpm-workspace.yaml ./
#9 CACHED

#10 [runtime 5/8] COPY --from=build --chown=medusa:medusa /app/apps/backend/node_modules /app/apps/backend/node_modules
#10 CACHED

#11 [runtime 6/8] COPY --from=build --chown=medusa:medusa /app/apps/backend/.medusa/server /app/apps/backend/.medusa/server
#11 CACHED

#12 [build  7/11] COPY apps/storefront/package.json apps/storefront/package.json
#12 CACHED

#13 [build  4/11] RUN npm install --global --ignore-scripts --registry="https://registry.npmmirror.com" pnpm@10.11.1
#13 CACHED

#14 [build  6/11] COPY apps/backend/package.json apps/backend/package.json
#14 CACHED

#15 [build  5/11] RUN pnpm config set registry "https://registry.npmmirror.com"
#15 CACHED

#16 [build  9/11] COPY apps/backend apps/backend
#16 CACHED

#17 [runtime 4/8] COPY --from=build --chown=medusa:medusa /app/node_modules /app/node_modules
#17 CACHED

#18 [build 11/11] RUN pnpm prune --prod
#18 CACHED

#19 [build 10/11] RUN pnpm --dir apps/backend build
#19 CACHED

#20 [build  2/11] WORKDIR /app
#20 CACHED

#21 [runtime 7/8] COPY deploy/medusa/entrypoint.sh /app/entrypoint.sh
#21 CACHED

#22 [runtime 8/8] RUN sed -i 's/\r$//' /app/entrypoint.sh       && chmod 0555 /app/entrypoint.sh       && chown -R medusa:medusa /app/apps/backend/.medusa/server       && test -f /app/apps/backend/.medusa/server/medusa-config.js   && test -f /app/apps/backend/.medusa/server/package.json   && test -f /app/apps/backend/node_modules/@medusajs/cli/cli.js
#22 DONE 1.7s

#23 exporting to image
#23 exporting layers
#23 exporting layers 0.2s done
#23 exporting manifest sha256:49b9a8c73a2b007b707a52d0f03e34f7b2ea7cf1f883539d3880cc7b04ec3853 0.0s done
#23 exporting config sha256:928bf6498a4cf6eb7c3ebef15b9327ca62ed8be945c63655ea947be9616c0ddb 0.0s done
#23 exporting attestation manifest sha256:69a7abe82bccdf12e4b473cde321507cf90c49acf98fef7c178fa572ee95e59e 0.0s done
#23 exporting manifest list sha256:bdf986c64024678316bb15692d22268c7816f50a8d9ddc35c99979538556be10 0.0s done
#23 naming to docker.io/library/cb-batch06-r1-medusa:20260908 done
#23 unpacking to docker.io/library/cb-batch06-r1-medusa:20260908 0.0s done
#23 DONE 0.4s

View build details: docker-desktop://dashboard/build/desktop-linux/desktop-linux/p7nm3zfjfo9pazzhos7g5w6pr
