#0 building with "desktop-linux" instance using docker driver

#1 [internal] load build definition from Dockerfile
#1 transferring dockerfile: 1.55kB 0.0s done
#1 DONE 0.1s

#2 [internal] load metadata for docker.io/library/node:22.14.0-bookworm-slim
#2 ...

#3 [auth] library/node:pull token for registry-1.docker.io
#3 DONE 0.0s

#2 [internal] load metadata for docker.io/library/node:22.14.0-bookworm-slim
#2 ERROR: failed to authorize: failed to fetch oauth token: Post "https://auth.docker.io/token": dial tcp [2a03:2880:f10c:83:face:b00c:0:25de]:443: connectex: A connection attempt failed because the connected party did not properly respond after a period of time, or established connection failed because connected host has failed to respond.
------
 > [internal] load metadata for docker.io/library/node:22.14.0-bookworm-slim:
------
Dockerfile:15
--------------------
  13 |     RUN pnpm prune --prod
  14 |     
  15 | >>> FROM node:22.14.0-bookworm-slim AS runtime
  16 |     
  17 |     WORKDIR /app/apps/backend/.medusa/server
--------------------
ERROR: failed to build: failed to solve: failed to fetch oauth token: Post "https://auth.docker.io/token": dial tcp [2a03:2880:f10c:83:face:b00c:0:25de]:443: connectex: A connection attempt failed because the connected party did not properly respond after a period of time, or established connection failed because connected host has failed to respond.

View build details: docker-desktop://dashboard/build/desktop-linux/desktop-linux/c5ozsoknbamiho1xs3ctze6qq
