COMPONENT_RECORD=NEEDS_VERIFICATION
SOURCE_GATE=PASS
SAMPLE_GATE=NEEDS_TEST
PROCUREMENT_GATE=HOLD
LOGISTICS_GATE=NEEDS_VERIFICATION
RISK_GATE=NEEDS_VERIFICATION
BUNDLE_ID=PASS
NO_INVENTED_FIELDS=PASS
SUPPLIER_CLAIMS_LABELED=PASS
BULK_SHIPPING_QUOTE_LABELED=PASS
HS_NOT_VERIFIED=PASS
FTO_NOT_VERIFIED=PASS
DROPSHIP_UNKNOWN=PASS
UNIT_PACKAGE_UNKNOWN=PASS
COST_CALCULATION=PASS
SAMPLE_SCORE=NOT_TESTED
HARD_FAIL=NOT_TESTED
QUOTE_RECONFIRMATION_REQUIRED=YES
BULK_ORDER_GATE=HOLD
MEDUSA_WRITE=NO
SCHEMA_VALID=PASS
ISSUE_COUNT=0
