#0 building with "desktop-linux" instance using docker driver

#1 [internal] load build definition from Dockerfile
#1 transferring dockerfile: 923B 0.0s done
#1 DONE 0.0s

#2 [auth] library/node:pull token for registry-1.docker.io
#2 DONE 0.0s

#3 [internal] load metadata for docker.io/library/node:22.14.0-bookworm-slim
#3 ERROR: failed to authorize: failed to fetch oauth token: Post "https://auth.docker.io/token": dial tcp [2a03:2880:f11b:83:face:b00c:0:25de]:443: connectex: A connection attempt failed because the connected party did not properly respond after a period of time, or established connection failed because connected host has failed to respond.
------
 > [internal] load metadata for docker.io/library/node:22.14.0-bookworm-slim:
------
Dockerfile:12
--------------------
  10 |     RUN pnpm --dir apps/backend build
  11 |     
  12 | >>> FROM node:22.14.0-bookworm-slim AS runtime
  13 |     
  14 |     WORKDIR /app
--------------------
ERROR: failed to build: failed to solve: failed to fetch oauth token: Post "https://auth.docker.io/token": dial tcp [2a03:2880:f11b:83:face:b00c:0:25de]:443: connectex: A connection attempt failed because the connected party did not properly respond after a period of time, or established connection failed because connected host has failed to respond.

View build details: docker-desktop://dashboard/build/desktop-linux/desktop-linux/yjatl5ruyhn0j97rqbikda3s6
