DRY_RUN=NO
WRITE_PERFORMED=YES
MEDUSA_WRITE=PASS
TARGET_MEDUSA_PROJECT=medusa-product-integration-a1b2c3
TARGET_DATABASE=medusa_dtc@127.0.0.1:56332
TARGET_REGION=United States (reg_01M1JFCMTE0655N7Y3XG8XZD8W)
PRODUCT_ID=prod_01M1JG54Z6PFY802QV32EJ174D
PRODUCT_STATUS=published
HANDLE=pet-hair-remover
UPSERT_MODE=UPDATE_SAME_PRODUCT
UPSERT_IDEMPOTENCE=PASS
PRODUCT_COUNT_BEFORE=5
PRODUCT_COUNT_AFTER=5
PRODUCT_COUNT_DELTA=0
PRODUCT_COUNT_DELTA_AFTER_RERUN=0
DUPLICATE_VARIANTS=0
ADMIN_READBACK=PASS
STORE_READBACK=PASS
STORE_PRODUCT_ROW=prod_01M1JG54Z6PFY802QV32EJ174D|pet-hair-remover|Reusable Self-Cleaning Pet Hair Remover|PAW-PHR-001
STORE_PRICE_ROW=usd|14.99
STORE_IMAGE=/assets/products/COMP-001-main-square.png
STORE_PUBLICATION=PUBLISHED_CONFIRMED_BY_ADMIN_POSTGRES
POSTGRES_READBACK=PASS
POSTGRES_PRODUCT_ROW=prod_01M1JG54Z6PFY802QV32EJ174D|pet-hair-remover|published|/assets/products/COMP-001-main-square.png|1601855396569
POSTGRES_PRICE_ROW=usd|14.99
PRICE_STATE=USD_14_99_RUNTIME_CURRENCY_UNITS
SELLING_PRICE_STATUS=CONFIRMED_BY_USER
