Couldn't find tsconfig.json. tsconfig-paths will be skipped
╔════════════════════════════════════════════════════════════════════════╗
║                                                                        ║
║   Medusa collects anonymous usage analytics                            ║
║   to help improve Medusa for all users.                                ║
║                                                                        ║
║   If you'd like to opt-out, you can use `medusa telemetry --disable`   ║
║                                                                        ║
║                                                                        ║
╚════════════════════════════════════════════════════════════════════════╝
[32minfo[39m:    redisUrl not found. A fake redis instance will be used.
[32minfo[39m:    No link to load from /app/node_modules/.pnpm/@medusajs+draft-order@2.19.0_@medusajs+admin-sdk@2.19.0_@medusajs+cli@2.19.0_@types+nod_ab547186112aa2cacb92323532778ff2/node_modules/@medusajs/draft-order/.medusa/server/src/links. skipped.
[32minfo[39m:    No link to load from /app/apps/backend/.medusa/server/src/links. skipped.
[32minfo[39m:    Running migrations...
[32minfo[39m:    
[32minfo[39m:    
[32minfo[39m:    MODULE: stock_location
[32minfo[39m:      ● Migrating Migration20240307161216
[32minfo[39m:      ✔ Migrated Migration20240307161216
[32minfo[39m:      ● Migrating Migration20241210073813
[32minfo[39m:      ✔ Migrated Migration20241210073813
[32minfo[39m:      ● Migrating Migration20250106142624
[32minfo[39m:      ✔ Migrated Migration20250106142624
[32minfo[39m:      ● Migrating Migration20250120110820
[32minfo[39m:      ✔ Migrated Migration20250120110820
[32minfo[39m:    Completed successfully
[32minfo[39m:    
[32minfo[39m:    
[32minfo[39m:    MODULE: inventory
[32minfo[39m:      ● Migrating Migration20240307132720
[32minfo[39m:      ✔ Migrated Migration20240307132720
[32minfo[39m:      ● Migrating Migration20240719123015
[32minfo[39m:      ✔ Migrated Migration20240719123015
[32minfo[39m:      ● Migrating Migration20241213063611
[32minfo[39m:      ✔ Migrated Migration20241213063611
[32minfo[39m:      ● Migrating Migration20251010131115
[32minfo[39m:      ✔ Migrated Migration20251010131115
[32minfo[39m:    Completed successfully
[32minfo[39m:    
[32minfo[39m:    
[32minfo[39m:    MODULE: product
[32minfo[39m:      ● Migrating InitialSetup20240401153642
[32minfo[39m:      ✔ Migrated InitialSetup20240401153642
[32minfo[39m:      ● Migrating Migration20240601111544
[32minfo[39m:      ✔ Migrated Migration20240601111544
[32minfo[39m:      ● Migrating Migration202408271511
[32minfo[39m:      ✔ Migrated Migration202408271511
[32minfo[39m:      ● Migrating Migration20241122120331
[32minfo[39m:      ✔ Migrated Migration20241122120331
[32minfo[39m:      ● Migrating Migration20241125090957
[32minfo[39m:      ✔ Migrated Migration20241125090957
[32minfo[39m:      ● Migrating Migration20250411073236
[32minfo[39m:      ✔ Migrated Migration20250411073236
[32minfo[39m:      ● Migrating Migration20250516081326
[32minfo[39m:      ✔ Migrated Migration20250516081326
[32minfo[39m:      ● Migrating Migration20250910154539
[32minfo[39m:      ✔ Migrated Migration20250910154539
[32minfo[39m:      ● Migrating Migration20250911092221
[32minfo[39m:      ✔ Migrated Migration20250911092221
[32minfo[39m:      ● Migrating Migration20250929204438
[32minfo[39m:      ✔ Migrated Migration20250929204438
[32minfo[39m:      ● Migrating Migration20251008132218
[32minfo[39m:      ✔ Migrated Migration20251008132218
[32minfo[39m:      ● Migrating Migration20251011090511
[32minfo[39m:      ✔ Migrated Migration20251011090511
[32minfo[39m:      ● Migrating Migration20251022153442
[32minfo[39m:      ✔ Migrated Migration20251022153442
[32minfo[39m:      ● Migrating Migration20251029150809
[32minfo[39m:      ✔ Migrated Migration20251029150809
[32minfo[39m:      ● Migrating Migration20251110180907
[32minfo[39m:      ✔ Migrated Migration20251110180907
[32minfo[39m:      ● Migrating Migration20251113183352
[32minfo[39m:      ✔ Migrated Migration20251113183352
[32minfo[39m:      ● Migrating Migration20260224120000
[32minfo[39m:      ✔ Migrated Migration20260224120000
[32minfo[39m:      ● Migrating Migration20260301002050
[32minfo[39m:      ✔ Migrated Migration20260301002050
[32minfo[39m:      ● Migrating Migration20260306120000
[32minfo[39m:      ✔ Migrated Migration20260306120000
[32minfo[39m:      ● Migrating Migration20260623180000
[32minfo[39m:      ✔ Migrated Migration20260623180000
[32minfo[39m:      ● Migrating Migration20260730104846
[32minfo[39m:      ✔ Migrated Migration20260730104846
[32minfo[39m:    Completed successfully
[32minfo[39m:    
[32minfo[39m:    
[32minfo[39m:    MODULE: pricing
[32minfo[39m:      ● Migrating Migration20230929122253
[32minfo[39m:      ✔ Migrated Migration20230929122253
[32minfo[39m:      ● Migrating Migration20240322094407
[32minfo[39m:      ✔ Migrated Migration20240322094407
[32minfo[39m:      ● Migrating Migration20240322113359
[32minfo[39m:      ✔ Migrated Migration20240322113359
[32minfo[39m:      ● Migrating Migration20240322120125
[32minfo[39m:      ✔ Migrated Migration20240322120125
[32minfo[39m:      ● Migrating Migration20240626133555
[32minfo[39m:      ✔ Migrated Migration20240626133555
[32minfo[39m:      ● Migrating Migration20240704094505
[32minfo[39m:      ✔ Migrated Migration20240704094505
[32minfo[39m:      ● Migrating Migration20241127114534
[32minfo[39m:      ✔ Migrated Migration20241127114534
[32minfo[39m:      ● Migrating Migration20241127223829
[32minfo[39m:      ✔ Migrated Migration20241127223829
[32minfo[39m:      ● Migrating Migration20241128055359
[32minfo[39m:      ✔ Migrated Migration20241128055359
[32minfo[39m:      ● Migrating Migration20241212190401
[32minfo[39m:      ✔ Migrated Migration20241212190401
[32minfo[39m:      ● Migrating Migration20250408145122
[32minfo[39m:      ✔ Migrated Migration20250408145122
[32minfo[39m:      ● Migrating Migration20250409122219
[32minfo[39m:      ✔ Migrated Migration20250409122219
[32minfo[39m:      ● Migrating Migration20251009110625
[32minfo[39m:      ✔ Migrated Migration20251009110625
[32minfo[39m:      ● Migrating Migration20251112192723
[32minfo[39m:      ✔ Migrated Migration20251112192723
[32minfo[39m:      ● Migrating Migration20260429163502
[32minfo[39m:      ✔ Migrated Migration20260429163502
[32minfo[39m:    Completed successfully
[32minfo[39m:    
[32minfo[39m:    
[32minfo[39m:    MODULE: promotion
[32minfo[39m:      ● Migrating Migration20240227120221
[32minfo[39m:      ✔ Migrated Migration20240227120221
[32minfo[39m:      ● Migrating Migration20240617102917
[32minfo[39m:      ✔ Migrated Migration20240617102917
[32minfo[39m:      ● Migrating Migration20240624153824
[32minfo[39m:      ✔ Migrated Migration20240624153824
[32minfo[39m:      ● Migrating Migration20241211061114
[32minfo[39m:      ✔ Migrated Migration20241211061114
[32minfo[39m:      ● Migrating Migration20250113094144
[32minfo[39m:      ✔ Migrated Migration20250113094144
[32minfo[39m:      ● Migrating Migration20250120110700
[32minfo[39m:      ✔ Migrated Migration20250120110700
[32minfo[39m:      ● Migrating Migration20250226130616
[32minfo[39m:      ✔ Migrated Migration20250226130616
[32minfo[39m:      ● Migrating Migration20250508081510
[32minfo[39m:      ✔ Migrated Migration20250508081510
[32minfo[39m:      ● Migrating Migration20250828075407
[32minfo[39m:      ✔ Migrated Migration20250828075407
[32minfo[39m:      ● Migrating Migration20250909083125
[32minfo[39m:      ✔ Migrated Migration20250909083125
[32minfo[39m:      ● Migrating Migration20250916120552
[32minfo[39m:      ✔ Migrated Migration20250916120552
[32minfo[39m:      ● Migrating Migration20250917143818
[32minfo[39m:      ✔ Migrated Migration20250917143818
[32minfo[39m:      ● Migrating Migration20250919122137
[32minfo[39m:      ✔ Migrated Migration20250919122137
[32minfo[39m:      ● Migrating Migration20251006000000
[32minfo[39m:      ✔ Migrated Migration20251006000000
[32minfo[39m:      ● Migrating Migration20251015113934
[32minfo[39m:      ✔ Migrated Migration20251015113934
[32minfo[39m:      ● Migrating Migration20251107050148
[32minfo[39m:      ✔ Migrated Migration20251107050148
[32minfo[39m:    Completed successfully
[32minfo[39m:    
[32minfo[39m:    
[32minfo[39m:    MODULE: customer
[32minfo[39m:      ● Migrating Migration20240124154000
[32minfo[39m:      ✔ Migrated Migration20240124154000
[32minfo[39m:      ● Migrating Migration20240524123112
[32minfo[39m:      ✔ Migrated Migration20240524123112
[32minfo[39m:      ● Migrating Migration20240602110946
[32minfo[39m:      ✔ Migrated Migration20240602110946
[32minfo[39m:      ● Migrating Migration20241211074630
[32minfo[39m:      ✔ Migrated Migration20241211074630
[32minfo[39m:      ● Migrating Migration20251010130829
[32minfo[39m:      ✔ Migrated Migration20251010130829
[32minfo[39m:    Completed successfully
[32minfo[39m:    
[32minfo[39m:    
[32minfo[39m:    MODULE: sales_channel
[32minfo[39m:      ● Migrating Migration20240115152146
[32minfo[39m:      ✔ Migrated Migration20240115152146
[32minfo[39m:    Completed successfully
[32minfo[39m:    
[32minfo[39m:    
[32minfo[39m:    MODULE: cart
[32minfo[39m:      ● Migrating Migration20240222170223
[32minfo[39m:      ✔ Migrated Migration20240222170223
[32minfo[39m:      ● Migrating Migration20240831125857
[32minfo[39m:      ✔ Migrated Migration20240831125857
[32minfo[39m:      ● Migrating Migration20241106085918
[32minfo[39m:      ✔ Migrated Migration20241106085918
[32minfo[39m:      ● Migrating Migration20241205095237
[32minfo[39m:      ✔ Migrated Migration20241205095237
[32minfo[39m:      ● Migrating Migration20241216183049
[32minfo[39m:      ✔ Migrated Migration20241216183049
[32minfo[39m:      ● Migrating Migration20241218091938
[32minfo[39m:      ✔ Migrated Migration20241218091938
[32minfo[39m:      ● Migrating Migration20250120115059
[32minfo[39m:      ✔ Migrated Migration20250120115059
[32minfo[39m:      ● Migrating Migration20250212131240
[32minfo[39m:      ✔ Migrated Migration20250212131240
[32minfo[39m:      ● Migrating Migration20250326151602
[32minfo[39m:      ✔ Migrated Migration20250326151602
[32minfo[39m:      ● Migrating Migration20250508081553
[32minfo[39m:      ✔ Migrated Migration20250508081553
[32minfo[39m:      ● Migrating Migration20251017153909
[32minfo[39m:      ✔ Migrated Migration20251017153909
[32minfo[39m:      ● Migrating Migration20251208130704
[32minfo[39m:      ✔ Migrated Migration20251208130704
[32minfo[39m:      ● Migrating Migration20260626000000
[32minfo[39m:      ✔ Migrated Migration20260626000000
[32minfo[39m:    Completed successfully
[32minfo[39m:    
[32minfo[39m:    
[32minfo[39m:    MODULE: region
[32minfo[39m:      ● Migrating Migration20240205173216
[32minfo[39m:      ✔ Migrated Migration20240205173216
[32minfo[39m:      ● Migrating Migration20240624200006
[32minfo[39m:      ✔ Migrated Migration20240624200006
[32minfo[39m:      ● Migrating Migration20250120110744
[32minfo[39m:      ✔ Migrated Migration20250120110744
[32minfo[39m:    Completed successfully
[32minfo[39m:    
[32minfo[39m:    
[32minfo[39m:    MODULE: api_key
[32minfo[39m:      ● Migrating InitialSetup20240221144943
[32minfo[39m:      ✔ Migrated InitialSetup20240221144943
[32minfo[39m:      ● Migrating Migration20240604080145
[32minfo[39m:      ✔ Migrated Migration20240604080145
[32minfo[39m:      ● Migrating Migration20241205122700
[32minfo[39m:      ✔ Migrated Migration20241205122700
[32minfo[39m:      ● Migrating Migration20251015123842
[32minfo[39m:      ✔ Migrated Migration20251015123842
[32minfo[39m:    Completed successfully
[32minfo[39m:    
[32minfo[39m:    
[32minfo[39m:    MODULE: store
[32minfo[39m:      ● Migrating InitialSetup20240227075933
[32minfo[39m:      ✔ Migrated InitialSetup20240227075933
[32minfo[39m:      ● Migrating Migration20240621145944
[32minfo[39m:      ✔ Migrated Migration20240621145944
[32minfo[39m:      ● Migrating Migration20241206083313
[32minfo[39m:      ✔ Migrated Migration20241206083313
[32minfo[39m:      ● Migrating Migration20251202184737
[32minfo[39m:      ✔ Migrated Migration20251202184737
[32minfo[39m:      ● Migrating Migration20251212161429
[32minfo[39m:      ✔ Migrated Migration20251212161429
[32minfo[39m:    Completed successfully
[32minfo[39m:    
[32minfo[39m:    
[32minfo[39m:    MODULE: tax
[32minfo[39m:      ● Migrating Migration20240227090331
[32minfo[39m:      ✔ Migrated Migration20240227090331
[32minfo[39m:      ● Migrating Migration20240710135844
[32minfo[39m:      ✔ Migrated Migration20240710135844
[32minfo[39m:      ● Migrating Migration20240924114005
[32minfo[39m:      ✔ Migrated Migration20240924114005
[32minfo[39m:      ● Migrating Migration20241212052837
[32minfo[39m:      ✔ Migrated Migration20241212052837
[32minfo[39m:    Completed successfully
[32minfo[39m:    
[32minfo[39m:    
[32minfo[39m:    MODULE: currency
[32minfo[39m:      ● Migrating InitialSetup20240228133303
[32minfo[39m:      ✔ Migrated InitialSetup20240228133303
[32minfo[39m:      ● Migrating Migration20240624082354
[32minfo[39m:      ✔ Migrated Migration20240624082354
[32minfo[39m:    Completed successfully
[32minfo[39m:    
[32minfo[39m:    
[32minfo[39m:    MODULE: payment
[32minfo[39m:      ● Migrating Migration20240225134525
[32minfo[39m:      ✔ Migrated Migration20240225134525
[32minfo[39m:      ● Migrating Migration20240806072619
[32minfo[39m:      ✔ Migrated Migration20240806072619
[32minfo[39m:      ● Migrating Migration20241211151053
[32minfo[39m:      ✔ Migrated Migration20241211151053
[32minfo[39m:      ● Migrating Migration20250115160517
[32minfo[39m:      ✔ Migrated Migration20250115160517
[32minfo[39m:      ● Migrating Migration20250120110552
[32minfo[39m:      ✔ Migrated Migration20250120110552
[32minfo[39m:      ● Migrating Migration20250123122334
[32minfo[39m:      ✔ Migrated Migration20250123122334
[32minfo[39m:      ● Migrating Migration20250206105639
[32minfo[39m:      ✔ Migrated Migration20250206105639
[32minfo[39m:      ● Migrating Migration20250207132723
[32minfo[39m:      ✔ Migrated Migration20250207132723
[32minfo[39m:      ● Migrating Migration20250625084134
[32minfo[39m:      ✔ Migrated Migration20250625084134
[32minfo[39m:      ● Migrating Migration20250924135437
[32minfo[39m:      ✔ Migrated Migration20250924135437
[32minfo[39m:      ● Migrating Migration20250929124701
[32minfo[39m:      ✔ Migrated Migration20250929124701
[32minfo[39m:      ● Migrating Migration20260411223700
[32minfo[39m:      ✔ Migrated Migration20260411223700
[32minfo[39m:    Completed successfully
[32minfo[39m:    
[32minfo[39m:    
[32minfo[39m:    MODULE: order
[32minfo[39m:      ● Migrating Migration20240219102530
[32minfo[39m:      ✔ Migrated Migration20240219102530
[32minfo[39m:      ● Migrating Migration20240604100512
[32minfo[39m:      ✔ Migrated Migration20240604100512
[32minfo[39m:      ● Migrating Migration20240715102100
[32minfo[39m:      ✔ Migrated Migration20240715102100
[32minfo[39m:      ● Migrating Migration20240715174100
[32minfo[39m:      ✔ Migrated Migration20240715174100
[32minfo[39m:      ● Migrating Migration20240716081800
[32minfo[39m:      ✔ Migrated Migration20240716081800
[32minfo[39m:      ● Migrating Migration20240801085921
[32minfo[39m:      ✔ Migrated Migration20240801085921
[32minfo[39m:      ● Migrating Migration20240821164505
[32minfo[39m:      ✔ Migrated Migration20240821164505
[32minfo[39m:      ● Migrating Migration20240821170920
[32minfo[39m:      ✔ Migrated Migration20240821170920
[32minfo[39m:      ● Migrating Migration20240827133639
[32minfo[39m:      ✔ Migrated Migration20240827133639
[32minfo[39m:      ● Migrating Migration20240902195921
[32minfo[39m:      ✔ Migrated Migration20240902195921
[32minfo[39m:      ● Migrating Migration20240913092514
[32minfo[39m:      ✔ Migrated Migration20240913092514
[32minfo[39m:      ● Migrating Migration20240930122627
[32minfo[39m:      ✔ Migrated Migration20240930122627
[32minfo[39m:      ● Migrating Migration20241014142943
[32minfo[39m:      ✔ Migrated Migration20241014142943
[32minfo[39m:      ● Migrating Migration20241106085223
[32minfo[39m:      ✔ Migrated Migration20241106085223
[32minfo[39m:      ● Migrating Migration20241129124827
[32minfo[39m:      ✔ Migrated Migration20241129124827
[32minfo[39m:      ● Migrating Migration20241217162224
[32minfo[39m:      ✔ Migrated Migration20241217162224
[32minfo[39m:      ● Migrating Migration20250326151554
[32minfo[39m:      ✔ Migrated Migration20250326151554
[32minfo[39m:      ● Migrating Migration20250522181137
[32minfo[39m:      ✔ Migrated Migration20250522181137
[32minfo[39m:      ● Migrating Migration20250702095353
[32minfo[39m:      ✔ Migrated Migration20250702095353
[32minfo[39m:      ● Migrating Migration20250704120229
[32minfo[39m:      ✔ Migrated Migration20250704120229
[32minfo[39m:      ● Migrating Migration20250910130000
[32minfo[39m:      ✔ Migrated Migration20250910130000
[32minfo[39m:      ● Migrating Migration20251016160403
[32minfo[39m:      ✔ Migrated Migration20251016160403
[32minfo[39m:      ● Migrating Migration20251016182939
[32minfo[39m:      ✔ Migrated Migration20251016182939
[32minfo[39m:      ● Migrating Migration20251017155709
[32minfo[39m:      ✔ Migrated Migration20251017155709
[32minfo[39m:      ● Migrating Migration20251114100559
[32minfo[39m:      ✔ Migrated Migration20251114100559
[32minfo[39m:      ● Migrating Migration20251125164002
[32minfo[39m:      ✔ Migrated Migration20251125164002
[32minfo[39m:      ● Migrating Migration20251210112909
[32minfo[39m:      ✔ Migrated Migration20251210112909
[32minfo[39m:      ● Migrating Migration20251210112924
[32minfo[39m:      ✔ Migrated Migration20251210112924
[32minfo[39m:      ● Migrating Migration20251225120947
[32minfo[39m:      ✔ Migrated Migration20251225120947
[32minfo[39m:      ● Migrating Migration20260106185528
[32minfo[39m:      ✔ Migrated Migration20260106185528
[32minfo[39m:      ● Migrating Migration20260625000000
[32minfo[39m:      ✔ Migrated Migration20260625000000
[32minfo[39m:      ● Migrating Migration20260729154253
[32minfo[39m:      ✔ Migrated Migration20260729154253
[32minfo[39m:    Completed successfully
[32minfo[39m:    
[32minfo[39m:    
[32minfo[39m:    MODULE: settings
[32minfo[39m:      ● Migrating Migration20250717162007
[32minfo[39m:      ✔ Migrated Migration20250717162007
[32minfo[39m:      ● Migrating Migration20260127081758
[32minfo[39m:      ✔ Migrated Migration20260127081758
[32minfo[39m:      ● Migrating Migration20260615151246
[32minfo[39m:      ✔ Migrated Migration20260615151246
[32minfo[39m:    Completed successfully
[32minfo[39m:    
[32minfo[39m:    
[32minfo[39m:    MODULE: auth
[32minfo[39m:      ● Migrating Migration20240205025928
[32minfo[39m:      ✔ Migrated Migration20240205025928
[32minfo[39m:      ● Migrating Migration20240529080336
[32minfo[39m:      ✔ Migrated Migration20240529080336
[32minfo[39m:      ● Migrating Migration20241202100304
[32minfo[39m:      ✔ Migrated Migration20241202100304
[32minfo[39m:      ● Migrating Migration20260514083900
[32minfo[39m:      ✔ Migrated Migration20260514083900
[32minfo[39m:      ● Migrating Migration20260525090000
[32minfo[39m:      ✔ Migrated Migration20260525090000
[32minfo[39m:      ● Migrating Migration20260604120000
[32minfo[39m:      ✔ Migrated Migration20260604120000
[32minfo[39m:      ● Migrating Migration20260616075929
[32minfo[39m:      ✔ Migrated Migration20260616075929
[32minfo[39m:    Completed successfully
[32minfo[39m:    
[32minfo[39m:    
[32minfo[39m:    MODULE: auth
[32minfo[39m:    Skipped. Database is up-to-date for module.
[32minfo[39m:    
[32minfo[39m:    
[32minfo[39m:    MODULE: auth
[32minfo[39m:    Skipped. Database is up-to-date for module.
[32minfo[39m:    
[32minfo[39m:    
[32minfo[39m:    MODULE: user
[32minfo[39m:      ● Migrating Migration20240214033943
[32minfo[39m:      ✔ Migrated Migration20240214033943
[32minfo[39m:      ● Migrating Migration20240703095850
Note: If the index "IDX_user_email" fails to create, then delete any existing users with duplicate emails before retrying the migration.
[32minfo[39m:      ✔ Migrated Migration20240703095850
[32minfo[39m:      ● Migrating Migration20241202103352
[32minfo[39m:      ✔ Migrated Migration20241202103352
[32minfo[39m:    Completed successfully
[32minfo[39m:    
[32minfo[39m:    
[32minfo[39m:    MODULE: fulfillment
[32minfo[39m:      ● Migrating Migration20240311145700_InitialSetupMigration
[32minfo[39m:      ✔ Migrated Migration20240311145700_InitialSetupMigration
[32minfo[39m:      ● Migrating Migration20240821170957
[32minfo[39m:      ✔ Migrated Migration20240821170957
[32minfo[39m:      ● Migrating Migration20240917161003
[32minfo[39m:      ✔ Migrated Migration20240917161003
[32minfo[39m:      ● Migrating Migration20241217110416
[32minfo[39m:      ✔ Migrated Migration20241217110416
[32minfo[39m:      ● Migrating Migration20250113122235
[32minfo[39m:      ✔ Migrated Migration20250113122235
[32minfo[39m:      ● Migrating Migration20250120115002
[32minfo[39m:      ✔ Migrated Migration20250120115002
[32minfo[39m:      ● Migrating Migration20250822130931
[32minfo[39m:      ✔ Migrated Migration20250822130931
[32minfo[39m:      ● Migrating Migration20250825132614
[32minfo[39m:      ✔ Migrated Migration20250825132614
[32minfo[39m:      ● Migrating Migration20251114133146
[32minfo[39m:      ✔ Migrated Migration20251114133146
[32minfo[39m:    Completed successfully
[32minfo[39m:    
[32minfo[39m:    
[32minfo[39m:    MODULE: fulfillment
[32minfo[39m:    Skipped. Database is up-to-date for module.
[32minfo[39m:    
[32minfo[39m:    
[32minfo[39m:    MODULE: fulfillment
[32minfo[39m:    Skipped. Database is up-to-date for module.
[32minfo[39m:    
[32minfo[39m:    
[32minfo[39m:    MODULE: notification
[32minfo[39m:      ● Migrating Migration20240509083918_InitialSetupMigration
[32minfo[39m:      ✔ Migrated Migration20240509083918_InitialSetupMigration
[32minfo[39m:      ● Migrating Migration20240628075401
[32minfo[39m:      ✔ Migrated Migration20240628075401
[32minfo[39m:      ● Migrating Migration20240830094712
[32minfo[39m:      ✔ Migrated Migration20240830094712
[32minfo[39m:      ● Migrating Migration20250120110514
[32minfo[39m:      ✔ Migrated Migration20250120110514
[32minfo[39m:      ● Migrating Migration20251028172715
[32minfo[39m:      ✔ Migrated Migration20251028172715
[32minfo[39m:      ● Migrating Migration20251121123942
[32minfo[39m:      ✔ Migrated Migration20251121123942
[32minfo[39m:      ● Migrating Migration20251121150408
[32minfo[39m:      ✔ Migrated Migration20251121150408
[32minfo[39m:    Completed successfully
[32minfo[39m:    
[32minfo[39m:    
[32minfo[39m:    MODULE: notification
[32minfo[39m:    Skipped. Database is up-to-date for module.
[32minfo[39m:    
[32minfo[39m:    
[32minfo[39m:    MODULE: notification
[32minfo[39m:    Skipped. Database is up-to-date for module.
[32minfo[39m:    
[32minfo[39m:    
[32minfo[39m:    MODULE: cache
[32minfo[39m:    Skipped. Database is up-to-date for module.
[32minfo[39m:    
[32minfo[39m:    
[32minfo[39m:    MODULE: event_bus
[32minfo[39m:    Skipped. Database is up-to-date for module.
[32minfo[39m:    
[32minfo[39m:    
[32minfo[39m:    MODULE: workflows
[32minfo[39m:      ● Migrating Migration20231228143900
[32minfo[39m:      ✔ Migrated Migration20231228143900
[32minfo[39m:      ● Migrating Migration20241206101446
[32minfo[39m:      ✔ Migrated Migration20241206101446
[32minfo[39m:      ● Migrating Migration20250128174331
[32minfo[39m:      ✔ Migrated Migration20250128174331
[32minfo[39m:      ● Migrating Migration20250505092459
[32minfo[39m:      ✔ Migrated Migration20250505092459
[32minfo[39m:      ● Migrating Migration20250819104213
[32minfo[39m:      ✔ Migrated Migration20250819104213
[32minfo[39m:      ● Migrating Migration20250819110924
[32minfo[39m:      ✔ Migrated Migration20250819110924
[32minfo[39m:      ● Migrating Migration20250908080305
[32minfo[39m:      ✔ Migrated Migration20250908080305
[32minfo[39m:    Completed successfully
[32minfo[39m:    
[32minfo[39m:    
[32minfo[39m:    MODULE: locking
[32minfo[39m:    Skipped. Database is up-to-date for module.
[32minfo[39m:    
[32minfo[39m:    
[32minfo[39m:    MODULE: file
[32minfo[39m:    Skipped. Database is up-to-date for module.
[32minfo[39m:    
[32minfo[39m:    
[32minfo[39m:    MODULE: file
[32minfo[39m:    Skipped. Database is up-to-date for module.
[32minfo[39m:    
[32minfo[39m:    
[32minfo[39m:    MODULE: file
[32minfo[39m:    Skipped. Database is up-to-date for module.
[32minfo[39m:    
[32minfo[39m:    Migrations completed
[32minfo[39m:    
[32minfo[39m:    Syncing links...
[32minfo[39m:    ┌──────────────────────────────────────────────────────────────────────────────┐│                                                                              ││   Created following links tables                                             ││   - cart.cart <> payment.payment_collection (cart_payment_collection)        ││   - cart.cart <> promotion.promotions (cart_promotion)                       ││   - customer.customer <> payment.account_holder (customer_account_holder)    ││   - stock_location.location <> fulfillment.fulfillment_provider              ││   (location_fulfillment_provider)                                            ││   - stock_location.location <> fulfillment.fulfillment_set                   ││   (location_fulfillment_set)                                                 ││   - user.invite <> rbac.rbac_role (invite_rbac_role)                         ││   - order.order <> cart.cart (order_cart)                                    ││   - order.order <> fulfillment.fulfillments (order_fulfillment)              ││   - order.order <> payment.payment_collection (order_payment_collection)     ││   - order.order <> promotion.promotions (order_promotion)                    ││   - order.return <> fulfillment.fulfillments (return_fulfillment)            ││   - product.product <> sales_channel.sales_channel (product_sales_channel)   ││   - product.product <> fulfillment.shipping_profile                          ││   (product_shipping_profile)                                                 ││   - product.variant <> inventory.inventory                                   ││   (product_variant_inventory_item)                                           ││   - product.variant <> pricing.price_set (product_variant_price_set)         ││   - api_key.api_key <> sales_channel.sales_channel                           ││   (publishable_api_key_sales_channel)                                        ││   - region.region <> payment.payment_provider (region_payment_provider)      ││   - sales_channel.sales_channel <> stock_location.location                   ││   (sales_channel_stock_location)                                             ││   - fulfillment.shipping_option <> pricing.price_set                         ││   (shipping_option_price_set)                                                ││   - user.user <> rbac.rbac_role (user_rbac_role)                             ││                                                                              │└──────────────────────────────────────────────────────────────────────────────┘
[32minfo[39m:    Links sync completed
[32minfo[39m:    
Couldn't find tsconfig.json. tsconfig-paths will be skipped
[32minfo[39m:    redisUrl not found. A fake redis instance will be used.
[32minfo[39m:    No link to load from /app/node_modules/.pnpm/@medusajs+draft-order@2.19.0_@medusajs+admin-sdk@2.19.0_@medusajs+cli@2.19.0_@types+nod_ab547186112aa2cacb92323532778ff2/node_modules/@medusajs/draft-order/.medusa/server/src/links. skipped.
[32minfo[39m:    No link to load from /app/apps/backend/.medusa/server/src/links. skipped.
[33mwarn[39m:    Local Event Bus installed. This is not recommended for production.
[32minfo[39m:    Locking module: Using "in-memory" as default.
[32minfo[39m:    No workflow to load from /app/apps/backend/.medusa/server/src/workflows. skipped.
[32minfo[39m:    No workflow to load from /app/node_modules/.pnpm/@medusajs+draft-order@2.19.0_@medusajs+admin-sdk@2.19.0_@medusajs+cli@2.19.0_@types+nod_ab547186112aa2cacb92323532778ff2/node_modules/@medusajs/draft-order/.medusa/server/src/workflows. skipped.
[32minfo[39m:    Creating migrations table 'script_migrations'...
[32minfo[39m:    Migrations table created successfully
[32minfo[39m:    
[32minfo[39m:    Pending migration scripts to execute
[32minfo[39m:    /app/node_modules/.pnpm/@medusajs+medusa@2.19.0_55fd7992ca4da9f7822a18399b6ccf4a/node_modules/@medusajs/medusa/dist/migration-scripts/create-super-admin-role.js
/app/node_modules/.pnpm/@medusajs+medusa@2.19.0_55fd7992ca4da9f7822a18399b6ccf4a/node_modules/@medusajs/medusa/dist/migration-scripts/migrate-normalize-currency-codes-normalization.js
/app/node_modules/.pnpm/@medusajs+medusa@2.19.0_55fd7992ca4da9f7822a18399b6ccf4a/node_modules/@medusajs/medusa/dist/migration-scripts/migrate-product-option-link-ids.js
/app/node_modules/.pnpm/@medusajs+medusa@2.19.0_55fd7992ca4da9f7822a18399b6ccf4a/node_modules/@medusajs/medusa/dist/migration-scripts/migrate-product-shipping-profile.js
/app/node_modules/.pnpm/@medusajs+medusa@2.19.0_55fd7992ca4da9f7822a18399b6ccf4a/node_modules/@medusajs/medusa/dist/migration-scripts/migrate-tax-region-provider.js
/app/node_modules/.pnpm/@medusajs+medusa@2.19.0_55fd7992ca4da9f7822a18399b6ccf4a/node_modules/@medusajs/medusa/dist/migration-scripts/reconcile-inventory-reserved-quantity.js
/app/apps/backend/.medusa/server/src/migration-scripts/initial-data-seed.js
[32minfo[39m:    
[32minfo[39m:    Running migration scripts...
[32minfo[39m:    Running migration script /app/node_modules/.pnpm/@medusajs+medusa@2.19.0_55fd7992ca4da9f7822a18399b6ccf4a/node_modules/@medusajs/medusa/dist/migration-scripts/migrate-normalize-currency-codes-normalization.js
[32minfo[39m:    Starting migration to normalize currency codes...
[32minfo[39m:    Finished migration to normalize currency codes.
[32minfo[39m:    Migration script /app/node_modules/.pnpm/@medusajs+medusa@2.19.0_55fd7992ca4da9f7822a18399b6ccf4a/node_modules/@medusajs/medusa/dist/migration-scripts/migrate-normalize-currency-codes-normalization.js completed (0.17s)
[32minfo[39m:    Running migration script /app/node_modules/.pnpm/@medusajs+medusa@2.19.0_55fd7992ca4da9f7822a18399b6ccf4a/node_modules/@medusajs/medusa/dist/migration-scripts/migrate-product-option-link-ids.js
[32minfo[39m:    Starting migration of product option link ids...
[32minfo[39m:    No ids to rewrite in product_product_option. Skipping.
[32minfo[39m:    No ids to rewrite in product_product_option_value. Skipping.
[32minfo[39m:    Finished migration of product option link ids.
[32minfo[39m:    Migration script /app/node_modules/.pnpm/@medusajs+medusa@2.19.0_55fd7992ca4da9f7822a18399b6ccf4a/node_modules/@medusajs/medusa/dist/migration-scripts/migrate-product-option-link-ids.js completed (0.09s)
[32minfo[39m:    Running migration script /app/node_modules/.pnpm/@medusajs+medusa@2.19.0_55fd7992ca4da9f7822a18399b6ccf4a/node_modules/@medusajs/medusa/dist/migration-scripts/migrate-product-shipping-profile.js
[32minfo[39m:    Assigning products to shipping profile
[32minfo[39m:    Products assigned to shipping profile
[32minfo[39m:    Migration script /app/node_modules/.pnpm/@medusajs+medusa@2.19.0_55fd7992ca4da9f7822a18399b6ccf4a/node_modules/@medusajs/medusa/dist/migration-scripts/migrate-product-shipping-profile.js completed (0.06s)
[32minfo[39m:    Running migration script /app/node_modules/.pnpm/@medusajs+medusa@2.19.0_55fd7992ca4da9f7822a18399b6ccf4a/node_modules/@medusajs/medusa/dist/migration-scripts/migrate-tax-region-provider.js
[32minfo[39m:    Assigning tax system provider to tax regions
[32minfo[39m:    System provider assigned to tax regions
[32minfo[39m:    Migration script /app/node_modules/.pnpm/@medusajs+medusa@2.19.0_55fd7992ca4da9f7822a18399b6ccf4a/node_modules/@medusajs/medusa/dist/migration-scripts/migrate-tax-region-provider.js completed (0.01s)
[32minfo[39m:    Running migration script /app/node_modules/.pnpm/@medusajs+medusa@2.19.0_55fd7992ca4da9f7822a18399b6ccf4a/node_modules/@medusajs/medusa/dist/migration-scripts/reconcile-inventory-reserved-quantity.js
[32minfo[39m:    Starting reconciliation of inventory_level.reserved_quantity against active reservation_item rows...
[32minfo[39m:    Finished reconciliation of inventory_level.reserved_quantity.
[32minfo[39m:    Migration script /app/node_modules/.pnpm/@medusajs+medusa@2.19.0_55fd7992ca4da9f7822a18399b6ccf4a/node_modules/@medusajs/medusa/dist/migration-scripts/reconcile-inventory-reserved-quantity.js completed (0.01s)
[32minfo[39m:    Running migration script /app/apps/backend/.medusa/server/src/migration-scripts/initial-data-seed.js
[32minfo[39m:    Seeding store data...
[32minfo[39m:    Seeding region data...
[32minfo[39m:    Finished seeding regions.
[32minfo[39m:    Seeding tax regions...
[32minfo[39m:    Finished seeding tax regions.
[32minfo[39m:    Seeding stock location data...
[32minfo[39m:    Seeding fulfillment data...
[32minfo[39m:    Finished seeding fulfillment data.
[32minfo[39m:    Finished seeding stock location data.
[32minfo[39m:    Seeding product data...
(node:17) DeprecationWarning: Calling client.query() when the client is already executing a query is deprecated and will be removed in pg@9.0. Use async/await or an external async flow control mechanism instead.
(Use `node --trace-deprecation ...` to show where the warning was created)
[32minfo[39m:    Finished seeding product data.
[32minfo[39m:    Seeding inventory levels.
[32minfo[39m:    Finished seeding inventory levels data.
[32minfo[39m:    Migration script /app/apps/backend/.medusa/server/src/migration-scripts/initial-data-seed.js completed (0.90s)
[32minfo[39m:    
[32minfo[39m:    Migration scripts completed
