╔════════════════════════════════════════════════════════════════════════╗
║                                                                        ║
║   Medusa collects anonymous usage analytics                            ║
║   to help improve Medusa for all users.                                ║
║                                                                        ║
║   If you'd like to opt-out, you can use `medusa telemetry --disable`   ║
║                                                                        ║
║                                                                        ║
╚════════════════════════════════════════════════════════════════════════╝
[32minfo[39m:    redisUrl not found. A fake redis instance will be used.
[32minfo[39m:    redisUrl not found. A fake redis instance will be used.
[32minfo[39m:    Skipping instrumentation registration. No register function found.
Couldn't find tsconfig.json. tsconfig-paths will be skipped
[32minfo[39m:    redisUrl not found. A fake redis instance will be used.
[32minfo[39m:    No link to load from /app/node_modules/.pnpm/@medusajs+draft-order@2.19.0_@medusajs+admin-sdk@2.19.0_@medusajs+cli@2.19.0_@types+nod_ab547186112aa2cacb92323532778ff2/node_modules/@medusajs/draft-order/.medusa/server/src/links. skipped.
[32minfo[39m:    No link to load from /app/apps/backend/.medusa/server/src/links. skipped.
- Creating server
[33mwarn[39m:    Local Event Bus installed. This is not recommended for production.
✔ Server is ready on port: 9000 – 7111ms
[32minfo[39m:    Locking module: Using "in-memory" as default.
[32minfo[39m:    No workflow to load from /app/apps/backend/.medusa/server/src/workflows. skipped.
[32minfo[39m:    No workflow to load from /app/node_modules/.pnpm/@medusajs+draft-order@2.19.0_@medusajs+admin-sdk@2.19.0_@medusajs+cli@2.19.0_@types+nod_ab547186112aa2cacb92323532778ff2/node_modules/@medusajs/draft-order/.medusa/server/src/workflows. skipped.
[32minfo[39m:    No subscriber to load from /app/node_modules/.pnpm/@medusajs+draft-order@2.19.0_@medusajs+admin-sdk@2.19.0_@medusajs+cli@2.19.0_@types+nod_ab547186112aa2cacb92323532778ff2/node_modules/@medusajs/draft-order/.medusa/server/src/subscribers. skipped.
[32minfo[39m:    No subscriber to load from /app/apps/backend/.medusa/server/src/subscribers. skipped.
[32minfo[39m:    Admin URL → http://localhost:9000/app
[32mhttp[39m:    GET /store/regions ← - (200) - 61.494 ms
[32mhttp[39m:    GET /store/products?limit=1 ← - (200) - 170.569 ms
[32mhttp[39m:    GET /store/payment-providers?region_id=reg_01M20601GRJF11HQQRD3RVKBXJ ← - (200) - 33.136 ms
[32mhttp[39m:    GET /store/custom ← - (200) - 9.003 ms
[32mhttp[39m:    POST /store/carts ← - (200) - 338.199 ms
[32mhttp[39m:    POST /store/carts/cart_01M20P18RQBCFR5FQ602Y77542/line-items ← - (200) - 492.030 ms
[32mhttp[39m:    GET /store/carts/cart_01M20P18RQBCFR5FQ602Y77542 ← - (200) - 49.891 ms
[32mhttp[39m:    GET /store/shipping-options?cart_id=cart_01M20P18RQBCFR5FQ602Y77542 ← - (200) - 170.286 ms
