╔════════════════════════════════════════════════════════════════════════╗
Couldn't find tsconfig.json. tsconfig-paths will be skipped
- Creating server
✔ Server is ready on port: 9000 – 2823ms
║                                                                        ║
║   Medusa collects anonymous usage analytics                            ║
║   to help improve Medusa for all users.                                ║
║                                                                        ║
║   If you'd like to opt-out, you can use `medusa telemetry --disable`   ║
║                                                                        ║
║                                                                        ║
╚════════════════════════════════════════════════════════════════════════╝
[32minfo[39m:    redisUrl not found. A fake redis instance will be used.
[32minfo[39m:    redisUrl not found. A fake redis instance will be used.
[32minfo[39m:    Skipping instrumentation registration. No register function found.
[32minfo[39m:    redisUrl not found. A fake redis instance will be used.
[32minfo[39m:    No link to load from /app/node_modules/.pnpm/@medusajs+draft-order@2.19.0_@medusajs+admin-sdk@2.19.0_@medusajs+cli@2.19.0_@types+nod_ab547186112aa2cacb92323532778ff2/node_modules/@medusajs/draft-order/.medusa/server/src/links. skipped.
[32minfo[39m:    No link to load from /app/apps/backend/.medusa/server/src/links. skipped.
[33mwarn[39m:    Local Event Bus installed. This is not recommended for production.
[32minfo[39m:    Locking module: Using "in-memory" as default.
[32minfo[39m:    No workflow to load from /app/node_modules/.pnpm/@medusajs+draft-order@2.19.0_@medusajs+admin-sdk@2.19.0_@medusajs+cli@2.19.0_@types+nod_ab547186112aa2cacb92323532778ff2/node_modules/@medusajs/draft-order/.medusa/server/src/workflows. skipped.
[32minfo[39m:    No workflow to load from /app/apps/backend/.medusa/server/src/workflows. skipped.
[32minfo[39m:    No subscriber to load from /app/node_modules/.pnpm/@medusajs+draft-order@2.19.0_@medusajs+admin-sdk@2.19.0_@medusajs+cli@2.19.0_@types+nod_ab547186112aa2cacb92323532778ff2/node_modules/@medusajs/draft-order/.medusa/server/src/subscribers. skipped.
[32minfo[39m:    No subscriber to load from /app/apps/backend/.medusa/server/src/subscribers. skipped.
[32minfo[39m:    No job to load from /app/node_modules/.pnpm/@medusajs+medusa@2.19.0_55fd7992ca4da9f7822a18399b6ccf4a/node_modules/@medusajs/medusa/dist/jobs. skipped.
[32minfo[39m:    No job to load from /app/node_modules/.pnpm/@medusajs+draft-order@2.19.0_@medusajs+admin-sdk@2.19.0_@medusajs+cli@2.19.0_@types+nod_ab547186112aa2cacb92323532778ff2/node_modules/@medusajs/draft-order/.medusa/server/src/jobs. skipped.
[32minfo[39m:    No job to load from /app/apps/backend/.medusa/server/src/jobs. skipped.
[32minfo[39m:    Admin URL → http://localhost:9000/app
